Archive member included to satisfy reference by file (symbol)

/opt/st/stm32cubeide_1.10.1/plugins/com.st.stm32cube.ide.mcu.externaltools.gnu-tools-for-stm32.10.3-2021.10.linux64_1.0.0.202111181127/tools/bin/../lib/gcc/arm-none-eabi/10.3.1/../../../../arm-none-eabi/lib/thumb/v7e-m+fp/hard/libc_nano.a(lib_a-errno.o)
                              ./Core/Src/syscalls.o (__errno)
/opt/st/stm32cubeide_1.10.1/plugins/com.st.stm32cube.ide.mcu.externaltools.gnu-tools-for-stm32.10.3-2021.10.linux64_1.0.0.202111181127/tools/bin/../lib/gcc/arm-none-eabi/10.3.1/../../../../arm-none-eabi/lib/thumb/v7e-m+fp/hard/libc_nano.a(lib_a-exit.o)
                              /opt/st/stm32cubeide_1.10.1/plugins/com.st.stm32cube.ide.mcu.externaltools.gnu-tools-for-stm32.10.3-2021.10.linux64_1.0.0.202111181127/tools/bin/../lib/gcc/arm-none-eabi/10.3.1/../../../../arm-none-eabi/lib/thumb/v7e-m+fp/hard/crt0.o (exit)
/opt/st/stm32cubeide_1.10.1/plugins/com.st.stm32cube.ide.mcu.externaltools.gnu-tools-for-stm32.10.3-2021.10.linux64_1.0.0.202111181127/tools/bin/../lib/gcc/arm-none-eabi/10.3.1/../../../../arm-none-eabi/lib/thumb/v7e-m+fp/hard/libc_nano.a(lib_a-impure.o)
                              /opt/st/stm32cubeide_1.10.1/plugins/com.st.stm32cube.ide.mcu.externaltools.gnu-tools-for-stm32.10.3-2021.10.linux64_1.0.0.202111181127/tools/bin/../lib/gcc/arm-none-eabi/10.3.1/../../../../arm-none-eabi/lib/thumb/v7e-m+fp/hard/libc_nano.a(lib_a-exit.o) (_global_impure_ptr)
/opt/st/stm32cubeide_1.10.1/plugins/com.st.stm32cube.ide.mcu.externaltools.gnu-tools-for-stm32.10.3-2021.10.linux64_1.0.0.202111181127/tools/bin/../lib/gcc/arm-none-eabi/10.3.1/../../../../arm-none-eabi/lib/thumb/v7e-m+fp/hard/libc_nano.a(lib_a-init.o)
                              /opt/st/stm32cubeide_1.10.1/plugins/com.st.stm32cube.ide.mcu.externaltools.gnu-tools-for-stm32.10.3-2021.10.linux64_1.0.0.202111181127/tools/bin/../lib/gcc/arm-none-eabi/10.3.1/../../../../arm-none-eabi/lib/thumb/v7e-m+fp/hard/crt0.o (__libc_init_array)
/opt/st/stm32cubeide_1.10.1/plugins/com.st.stm32cube.ide.mcu.externaltools.gnu-tools-for-stm32.10.3-2021.10.linux64_1.0.0.202111181127/tools/bin/../lib/gcc/arm-none-eabi/10.3.1/../../../../arm-none-eabi/lib/thumb/v7e-m+fp/hard/libc_nano.a(lib_a-memcmp.o)
                              ./Common/ThirdParty/SEGGER/OS/SEGGER_SYSVIEW_FreeRTOS.o (memcmp)
/opt/st/stm32cubeide_1.10.1/plugins/com.st.stm32cube.ide.mcu.externaltools.gnu-tools-for-stm32.10.3-2021.10.linux64_1.0.0.202111181127/tools/bin/../lib/gcc/arm-none-eabi/10.3.1/../../../../arm-none-eabi/lib/thumb/v7e-m+fp/hard/libc_nano.a(lib_a-memcpy-stub.o)
                              ./Common/ThirdParty/FreeRTOS/queue.o (memcpy)
/opt/st/stm32cubeide_1.10.1/plugins/com.st.stm32cube.ide.mcu.externaltools.gnu-tools-for-stm32.10.3-2021.10.linux64_1.0.0.202111181127/tools/bin/../lib/gcc/arm-none-eabi/10.3.1/../../../../arm-none-eabi/lib/thumb/v7e-m+fp/hard/libc_nano.a(lib_a-memset.o)
                              /opt/st/stm32cubeide_1.10.1/plugins/com.st.stm32cube.ide.mcu.externaltools.gnu-tools-for-stm32.10.3-2021.10.linux64_1.0.0.202111181127/tools/bin/../lib/gcc/arm-none-eabi/10.3.1/../../../../arm-none-eabi/lib/thumb/v7e-m+fp/hard/crt0.o (memset)
/opt/st/stm32cubeide_1.10.1/plugins/com.st.stm32cube.ide.mcu.externaltools.gnu-tools-for-stm32.10.3-2021.10.linux64_1.0.0.202111181127/tools/bin/../lib/gcc/arm-none-eabi/10.3.1/../../../../arm-none-eabi/lib/thumb/v7e-m+fp/hard/libc_nano.a(lib_a-strlen.o)
                              ./Common/ThirdParty/SEGGER/SEGGER/SEGGER_RTT.o (strlen)
/opt/st/stm32cubeide_1.10.1/plugins/com.st.stm32cube.ide.mcu.externaltools.gnu-tools-for-stm32.10.3-2021.10.linux64_1.0.0.202111181127/tools/bin/../lib/gcc/arm-none-eabi/10.3.1/thumb/v7e-m+fp/hard/libgcc.a(_aeabi_uldivmod.o)
                              ./Drivers/STM32F4xx_HAL_Driver/Src/stm32f4xx_hal_rcc.o (__aeabi_uldivmod)
/opt/st/stm32cubeide_1.10.1/plugins/com.st.stm32cube.ide.mcu.externaltools.gnu-tools-for-stm32.10.3-2021.10.linux64_1.0.0.202111181127/tools/bin/../lib/gcc/arm-none-eabi/10.3.1/thumb/v7e-m+fp/hard/libgcc.a(_udivmoddi4.o)
                              /opt/st/stm32cubeide_1.10.1/plugins/com.st.stm32cube.ide.mcu.externaltools.gnu-tools-for-stm32.10.3-2021.10.linux64_1.0.0.202111181127/tools/bin/../lib/gcc/arm-none-eabi/10.3.1/thumb/v7e-m+fp/hard/libgcc.a(_aeabi_uldivmod.o) (__udivmoddi4)
/opt/st/stm32cubeide_1.10.1/plugins/com.st.stm32cube.ide.mcu.externaltools.gnu-tools-for-stm32.10.3-2021.10.linux64_1.0.0.202111181127/tools/bin/../lib/gcc/arm-none-eabi/10.3.1/thumb/v7e-m+fp/hard/libgcc.a(_dvmd_tls.o)
                              /opt/st/stm32cubeide_1.10.1/plugins/com.st.stm32cube.ide.mcu.externaltools.gnu-tools-for-stm32.10.3-2021.10.linux64_1.0.0.202111181127/tools/bin/../lib/gcc/arm-none-eabi/10.3.1/thumb/v7e-m+fp/hard/libgcc.a(_aeabi_uldivmod.o) (__aeabi_ldiv0)

Discarded input sections

[...]
Memory Configuration

Name             Origin             Length             Attributes
CCMRAM           0x0000000010000000 0x0000000000010000 xrw
RAM              0x0000000020000000 0x0000000000020000 xrw
FLASH            0x0000000008000000 0x0000000000100000 xr
*default*        0x0000000000000000 0xffffffffffffffff

Linker script and memory map

LOAD /opt/st/stm32cubeide_1.10.1/plugins/com.st.stm32cube.ide.mcu.externaltools.gnu-tools-for-stm32.10.3-2021.10.linux64_1.0.0.202111181127/tools/bin/../lib/gcc/arm-none-eabi/10.3.1/thumb/v7e-m+fp/hard/crti.o
LOAD /opt/st/stm32cubeide_1.10.1/plugins/com.st.stm32cube.ide.mcu.externaltools.gnu-tools-for-stm32.10.3-2021.10.linux64_1.0.0.202111181127/tools/bin/../lib/gcc/arm-none-eabi/10.3.1/thumb/v7e-m+fp/hard/crtbegin.o
LOAD /opt/st/stm32cubeide_1.10.1/plugins/com.st.stm32cube.ide.mcu.externaltools.gnu-tools-for-stm32.10.3-2021.10.linux64_1.0.0.202111181127/tools/bin/../lib/gcc/arm-none-eabi/10.3.1/../../../../arm-none-eabi/lib/thumb/v7e-m+fp/hard/crt0.o
LOAD ./Common/ThirdParty/FreeRTOS/croutine.o
LOAD ./Common/ThirdParty/FreeRTOS/event_groups.o
LOAD ./Common/ThirdParty/FreeRTOS/list.o
LOAD ./Common/ThirdParty/FreeRTOS/queue.o
LOAD ./Common/ThirdParty/FreeRTOS/stream_buffer.o
LOAD ./Common/ThirdParty/FreeRTOS/tasks.o
LOAD ./Common/ThirdParty/FreeRTOS/timers.o
LOAD ./Common/ThirdParty/FreeRTOS/portable/GCC/ARM_CM4F/port.o
LOAD ./Common/ThirdParty/FreeRTOS/portable/MemMang/heap_4.o
LOAD ./Common/ThirdParty/SEGGER/Config/SEGGER_SYSVIEW_Config_FreeRTOS.o
LOAD ./Common/ThirdParty/SEGGER/OS/SEGGER_SYSVIEW_FreeRTOS.o
LOAD ./Common/ThirdParty/SEGGER/Rec/segger_uart.o
LOAD ./Common/ThirdParty/SEGGER/SEGGER/SEGGER_RTT.o
LOAD ./Common/ThirdParty/SEGGER/SEGGER/SEGGER_RTT_ASM_ARMv7M.o
LOAD ./Common/ThirdParty/SEGGER/SEGGER/SEGGER_RTT_printf.o
LOAD ./Common/ThirdParty/SEGGER/SEGGER/SEGGER_SYSVIEW.o
LOAD ./Common/ThirdParty/SEGGER/SEGGER/Syscalls/SEGGER_RTT_Syscalls_GCC.o
LOAD ./Core/Src/main.o
LOAD ./Core/Src/stm32f4xx_hal_msp.o
LOAD ./Core/Src/stm32f4xx_hal_timebase_tim.o
LOAD ./Core/Src/stm32f4xx_it.o
LOAD ./Core/Src/syscalls.o
LOAD ./Core/Src/sysmem.o
LOAD ./Core/Src/system_stm32f4xx.o
LOAD ./Core/Startup/startup_stm32f407vgtx.o
LOAD ./Drivers/STM32F4xx_HAL_Driver/Src/stm32f4xx_hal.o
LOAD ./Drivers/STM32F4xx_HAL_Driver/Src/stm32f4xx_hal_cortex.o
LOAD ./Drivers/STM32F4xx_HAL_Driver/Src/stm32f4xx_hal_dma.o
LOAD ./Drivers/STM32F4xx_HAL_Driver/Src/stm32f4xx_hal_dma_ex.o
LOAD ./Drivers/STM32F4xx_HAL_Driver/Src/stm32f4xx_hal_exti.o
LOAD ./Drivers/STM32F4xx_HAL_Driver/Src/stm32f4xx_hal_flash.o
LOAD ./Drivers/STM32F4xx_HAL_Driver/Src/stm32f4xx_hal_flash_ex.o
LOAD ./Drivers/STM32F4xx_HAL_Driver/Src/stm32f4xx_hal_flash_ramfunc.o
LOAD ./Drivers/STM32F4xx_HAL_Driver/Src/stm32f4xx_hal_gpio.o
LOAD ./Drivers/STM32F4xx_HAL_Driver/Src/stm32f4xx_hal_pwr.o
LOAD ./Drivers/STM32F4xx_HAL_Driver/Src/stm32f4xx_hal_pwr_ex.o
LOAD ./Drivers/STM32F4xx_HAL_Driver/Src/stm32f4xx_hal_rcc.o
LOAD ./Drivers/STM32F4xx_HAL_Driver/Src/stm32f4xx_hal_rcc_ex.o
LOAD ./Drivers/STM32F4xx_HAL_Driver/Src/stm32f4xx_hal_tim.o
LOAD ./Drivers/STM32F4xx_HAL_Driver/Src/stm32f4xx_hal_tim_ex.o
START GROUP
LOAD /opt/st/stm32cubeide_1.10.1/plugins/com.st.stm32cube.ide.mcu.externaltools.gnu-tools-for-stm32.10.3-2021.10.linux64_1.0.0.202111181127/tools/bin/../lib/gcc/arm-none-eabi/10.3.1/../../../../arm-none-eabi/lib/thumb/v7e-m+fp/hard/libc_nano.a
LOAD /opt/st/stm32cubeide_1.10.1/plugins/com.st.stm32cube.ide.mcu.externaltools.gnu-tools-for-stm32.10.3-2021.10.linux64_1.0.0.202111181127/tools/bin/../lib/gcc/arm-none-eabi/10.3.1/../../../../arm-none-eabi/lib/thumb/v7e-m+fp/hard/libm.a
END GROUP
START GROUP
LOAD /opt/st/stm32cubeide_1.10.1/plugins/com.st.stm32cube.ide.mcu.externaltools.gnu-tools-for-stm32.10.3-2021.10.linux64_1.0.0.202111181127/tools/bin/../lib/gcc/arm-none-eabi/10.3.1/thumb/v7e-m+fp/hard/libgcc.a
LOAD /opt/st/stm32cubeide_1.10.1/plugins/com.st.stm32cube.ide.mcu.externaltools.gnu-tools-for-stm32.10.3-2021.10.linux64_1.0.0.202111181127/tools/bin/../lib/gcc/arm-none-eabi/10.3.1/../../../../arm-none-eabi/lib/thumb/v7e-m+fp/hard/libc_nano.a
END GROUP
START GROUP
LOAD /opt/st/stm32cubeide_1.10.1/plugins/com.st.stm32cube.ide.mcu.externaltools.gnu-tools-for-stm32.10.3-2021.10.linux64_1.0.0.202111181127/tools/bin/../lib/gcc/arm-none-eabi/10.3.1/thumb/v7e-m+fp/hard/libgcc.a
LOAD /opt/st/stm32cubeide_1.10.1/plugins/com.st.stm32cube.ide.mcu.externaltools.gnu-tools-for-stm32.10.3-2021.10.linux64_1.0.0.202111181127/tools/bin/../lib/gcc/arm-none-eabi/10.3.1/../../../../arm-none-eabi/lib/thumb/v7e-m+fp/hard/libc_nano.a
LOAD /opt/st/stm32cubeide_1.10.1/plugins/com.st.stm32cube.ide.mcu.externaltools.gnu-tools-for-stm32.10.3-2021.10.linux64_1.0.0.202111181127/tools/bin/../lib/gcc/arm-none-eabi/10.3.1/../../../../arm-none-eabi/lib/thumb/v7e-m+fp/hard/libnosys.a
END GROUP
START GROUP
LOAD /opt/st/stm32cubeide_1.10.1/plugins/com.st.stm32cube.ide.mcu.externaltools.gnu-tools-for-stm32.10.3-2021.10.linux64_1.0.0.202111181127/tools/bin/../lib/gcc/arm-none-eabi/10.3.1/thumb/v7e-m+fp/hard/libgcc.a
LOAD /opt/st/stm32cubeide_1.10.1/plugins/com.st.stm32cube.ide.mcu.externaltools.gnu-tools-for-stm32.10.3-2021.10.linux64_1.0.0.202111181127/tools/bin/../lib/gcc/arm-none-eabi/10.3.1/../../../../arm-none-eabi/lib/thumb/v7e-m+fp/hard/libc_nano.a
LOAD /opt/st/stm32cubeide_1.10.1/plugins/com.st.stm32cube.ide.mcu.externaltools.gnu-tools-for-stm32.10.3-2021.10.linux64_1.0.0.202111181127/tools/bin/../lib/gcc/arm-none-eabi/10.3.1/../../../../arm-none-eabi/lib/thumb/v7e-m+fp/hard/libnosys.a
END GROUP
LOAD /opt/st/stm32cubeide_1.10.1/plugins/com.st.stm32cube.ide.mcu.externaltools.gnu-tools-for-stm32.10.3-2021.10.linux64_1.0.0.202111181127/tools/bin/../lib/gcc/arm-none-eabi/10.3.1/thumb/v7e-m+fp/hard/crtend.o
LOAD /opt/st/stm32cubeide_1.10.1/plugins/com.st.stm32cube.ide.mcu.externaltools.gnu-tools-for-stm32.10.3-2021.10.linux64_1.0.0.202111181127/tools/bin/../lib/gcc/arm-none-eabi/10.3.1/thumb/v7e-m+fp/hard/crtn.o
                0x0000000020020000                _estack = (ORIGIN (RAM) + LENGTH (RAM))
                0x0000000000000200                _Min_Heap_Size = 0x200
                0x0000000000000400                _Min_Stack_Size = 0x400

.isr_vector     0x0000000008000000      0x188
                0x0000000008000000                . = ALIGN (0x4)
 *(.isr_vector)
 .isr_vector    0x0000000008000000      0x188 ./Core/Startup/startup_stm32f407vgtx.o
                0x0000000008000000                g_pfnVectors
                0x0000000008000188                . = ALIGN (0x4)

.text           0x0000000008000190     0x5c2c
                0x0000000008000190                . = ALIGN (0x4)
 *(.text)
 .text          0x0000000008000190       0x40 /opt/st/stm32cubeide_1.10.1/plugins/com.st.stm32cube.ide.mcu.externaltools.gnu-tools-for-stm32.10.3-2021.10.linux64_1.0.0.202111181127/tools/bin/../lib/gcc/arm-none-eabi/10.3.1/thumb/v7e-m+fp/hard/crtbegin.o
 .text          0x00000000080001d0       0x94 ./Common/ThirdParty/SEGGER/SEGGER/SEGGER_RTT_ASM_ARMv7M.o
                0x00000000080001d0                SEGGER_RTT_ASM_WriteSkipNoLock
 .text          0x0000000008000264       0x30 /opt/st/stm32cubeide_1.10.1/plugins/com.st.stm32cube.ide.mcu.externaltools.gnu-tools-for-stm32.10.3-2021.10.linux64_1.0.0.202111181127/tools/bin/../lib/gcc/arm-none-eabi/10.3.1/thumb/v7e-m+fp/hard/libgcc.a(_aeabi_uldivmod.o)
                0x0000000008000264                __aeabi_uldivmod
 .text          0x0000000008000294      0x2d0 /opt/st/stm32cubeide_1.10.1/plugins/com.st.stm32cube.ide.mcu.externaltools.gnu-tools-for-stm32.10.3-2021.10.linux64_1.0.0.202111181127/tools/bin/../lib/gcc/arm-none-eabi/10.3.1/thumb/v7e-m+fp/hard/libgcc.a(_udivmoddi4.o)
                0x0000000008000294                __udivmoddi4
 .text          0x0000000008000564        0x4 /opt/st/stm32cubeide_1.10.1/plugins/com.st.stm32cube.ide.mcu.externaltools.gnu-tools-for-stm32.10.3-2021.10.linux64_1.0.0.202111181127/tools/bin/../lib/gcc/arm-none-eabi/10.3.1/thumb/v7e-m+fp/hard/libgcc.a(_dvmd_tls.o)
                0x0000000008000564                __aeabi_ldiv0
                0x0000000008000564                __aeabi_idiv0
 *(.text*)
 .text.vListInitialise
                0x0000000008000568       0x40 ./Common/ThirdParty/FreeRTOS/list.o
                0x0000000008000568                vListInitialise
 .text.vListInitialiseItem
                0x00000000080005a8       0x1a ./Common/ThirdParty/FreeRTOS/list.o
                0x00000000080005a8                vListInitialiseItem
 .text.vListInsertEnd
                0x00000000080005c2       0x48 ./Common/ThirdParty/FreeRTOS/list.o
                0x00000000080005c2                vListInsertEnd
 .text.vListInsert
                0x000000000800060a       0x72 ./Common/ThirdParty/FreeRTOS/list.o
                0x000000000800060a                vListInsert
 .text.uxListRemove
                0x000000000800067c       0x54 ./Common/ThirdParty/FreeRTOS/list.o
                0x000000000800067c                uxListRemove
 .text.xTaskCreate
                0x00000000080006d0       0x82 ./Common/ThirdParty/FreeRTOS/tasks.o
                0x00000000080006d0                xTaskCreate
 .text.prvInitialiseNewTask
                0x0000000008000752      0x12c ./Common/ThirdParty/FreeRTOS/tasks.o
 *fill*         0x000000000800087e        0x2 
 .text.prvAddNewTaskToReadyList
                0x0000000008000880      0x118 ./Common/ThirdParty/FreeRTOS/tasks.o
 .text.vTaskDelay
                0x0000000008000998       0x70 ./Common/ThirdParty/FreeRTOS/tasks.o
                0x0000000008000998                vTaskDelay
 .text.vTaskStartScheduler
                0x0000000008000a08       0xb8 ./Common/ThirdParty/FreeRTOS/tasks.o
                0x0000000008000a08                vTaskStartScheduler
 .text.vTaskSuspendAll
                0x0000000008000ac0       0x1c ./Common/ThirdParty/FreeRTOS/tasks.o
                0x0000000008000ac0                vTaskSuspendAll
 .text.xTaskResumeAll
                0x0000000008000adc      0x140 ./Common/ThirdParty/FreeRTOS/tasks.o
                0x0000000008000adc                xTaskResumeAll
 .text.xTaskGetTickCountFromISR
                0x0000000008000c1c       0x24 ./Common/ThirdParty/FreeRTOS/tasks.o
                0x0000000008000c1c                xTaskGetTickCountFromISR
 .text.xTaskIncrementTick
                0x0000000008000c40      0x178 ./Common/ThirdParty/FreeRTOS/tasks.o
                0x0000000008000c40                xTaskIncrementTick
 .text.vTaskSwitchContext
                0x0000000008000db8       0xd4 ./Common/ThirdParty/FreeRTOS/tasks.o
                0x0000000008000db8                vTaskSwitchContext
 .text.prvIdleTask
                0x0000000008000e8c       0x34 ./Common/ThirdParty/FreeRTOS/tasks.o
 .text.prvInitialiseTaskLists
                0x0000000008000ec0       0x80 ./Common/ThirdParty/FreeRTOS/tasks.o
 .text.prvCheckTasksWaitingTermination
                0x0000000008000f40       0x5c ./Common/ThirdParty/FreeRTOS/tasks.o
 .text.prvDeleteTCB
                0x0000000008000f9c       0x20 ./Common/ThirdParty/FreeRTOS/tasks.o
 .text.prvResetNextTaskUnblockTime
                0x0000000008000fbc       0x38 ./Common/ThirdParty/FreeRTOS/tasks.o
 .text.prvAddCurrentTaskToDelayedList
                0x0000000008000ff4       0xf0 ./Common/ThirdParty/FreeRTOS/tasks.o
 .text.pxPortInitialiseStack
                0x00000000080010e4       0x68 ./Common/ThirdParty/FreeRTOS/portable/GCC/ARM_CM4F/port.o
                0x00000000080010e4                pxPortInitialiseStack
 .text.prvTaskExitError
                0x000000000800114c       0x58 ./Common/ThirdParty/FreeRTOS/portable/GCC/ARM_CM4F/port.o
 *fill*         0x00000000080011a4        0xc 
 .text.SVC_Handler
                0x00000000080011b0       0x28 ./Common/ThirdParty/FreeRTOS/portable/GCC/ARM_CM4F/port.o
                0x00000000080011b0                SVC_Handler
 .text.prvPortStartFirstTask
                0x00000000080011d8       0x2c ./Common/ThirdParty/FreeRTOS/portable/GCC/ARM_CM4F/port.o
 .text.xPortStartScheduler
                0x0000000008001204      0x144 ./Common/ThirdParty/FreeRTOS/portable/GCC/ARM_CM4F/port.o
                0x0000000008001204                xPortStartScheduler
 .text.vInitPrioGroupValue
                0x0000000008001348       0xfc ./Common/ThirdParty/FreeRTOS/portable/GCC/ARM_CM4F/port.o
                0x0000000008001348                vInitPrioGroupValue
 .text.vPortEnterCritical
                0x0000000008001444       0x60 ./Common/ThirdParty/FreeRTOS/portable/GCC/ARM_CM4F/port.o
                0x0000000008001444                vPortEnterCritical
 .text.vPortExitCritical
                0x00000000080014a4       0x54 ./Common/ThirdParty/FreeRTOS/portable/GCC/ARM_CM4F/port.o
                0x00000000080014a4                vPortExitCritical
 *fill*         0x00000000080014f8        0x8 
 .text.PendSV_Handler
                0x0000000008001500       0x68 ./Common/ThirdParty/FreeRTOS/portable/GCC/ARM_CM4F/port.o
                0x0000000008001500                PendSV_Handler
 .text.SysTick_Handler
                0x0000000008001568       0x54 ./Common/ThirdParty/FreeRTOS/portable/GCC/ARM_CM4F/port.o
                0x0000000008001568                SysTick_Handler
 .text.vPortSetupTimerInterrupt
                0x00000000080015bc       0x48 ./Common/ThirdParty/FreeRTOS/portable/GCC/ARM_CM4F/port.o
                0x00000000080015bc                vPortSetupTimerInterrupt
 .text.vPortEnableVFP
                0x0000000008001604       0x18 ./Common/ThirdParty/FreeRTOS/portable/GCC/ARM_CM4F/port.o
 .text.vPortValidateInterruptPriority
                0x000000000800161c       0x80 ./Common/ThirdParty/FreeRTOS/portable/GCC/ARM_CM4F/port.o
                0x000000000800161c                vPortValidateInterruptPriority
 .text.pvPortMalloc
                0x000000000800169c      0x1c0 ./Common/ThirdParty/FreeRTOS/portable/MemMang/heap_4.o
                0x000000000800169c                pvPortMalloc
 .text.vPortFree
                0x000000000800185c       0xc4 ./Common/ThirdParty/FreeRTOS/portable/MemMang/heap_4.o
                0x000000000800185c                vPortFree
 .text.prvHeapInit
                0x0000000008001920       0xc4 ./Common/ThirdParty/FreeRTOS/portable/MemMang/heap_4.o
 .text.prvInsertBlockIntoFreeList
                0x00000000080019e4       0xb4 ./Common/ThirdParty/FreeRTOS/portable/MemMang/heap_4.o
 .text._cbSendSystemDesc
                0x0000000008001a98       0x1c ./Common/ThirdParty/SEGGER/Config/SEGGER_SYSVIEW_Config_FreeRTOS.o
 .text.SEGGER_SYSVIEW_Conf
                0x0000000008001ab4       0x2c ./Common/ThirdParty/SEGGER/Config/SEGGER_SYSVIEW_Config_FreeRTOS.o
                0x0000000008001ab4                SEGGER_SYSVIEW_Conf
 .text._cbSendTaskList
                0x0000000008001ae0       0x90 ./Common/ThirdParty/SEGGER/OS/SEGGER_SYSVIEW_FreeRTOS.o
 .text._cbGetTime
                0x0000000008001b70       0x86 ./Common/ThirdParty/SEGGER/OS/SEGGER_SYSVIEW_FreeRTOS.o
 *fill*         0x0000000008001bf6        0x2 
 .text.SYSVIEW_AddTask
                0x0000000008001bf8       0xd0 ./Common/ThirdParty/SEGGER/OS/SEGGER_SYSVIEW_FreeRTOS.o
                0x0000000008001bf8                SYSVIEW_AddTask
 .text.SYSVIEW_SendTaskInfo
                0x0000000008001cc8       0x42 ./Common/ThirdParty/SEGGER/OS/SEGGER_SYSVIEW_FreeRTOS.o
                0x0000000008001cc8                SYSVIEW_SendTaskInfo
 *fill*         0x0000000008001d0a        0x2 
 .text.__NVIC_EnableIRQ
                0x0000000008001d0c       0x3c ./Common/ThirdParty/SEGGER/Rec/segger_uart.o
 .text.__NVIC_SetPriority
                0x0000000008001d48       0x54 ./Common/ThirdParty/SEGGER/Rec/segger_uart.o
 .text._StartSysView
                0x0000000008001d9c       0x1e ./Common/ThirdParty/SEGGER/Rec/segger_uart.o
 *fill*         0x0000000008001dba        0x2 
 .text._cbOnUARTRx
                0x0000000008001dbc       0x40 ./Common/ThirdParty/SEGGER/Rec/segger_uart.o
 .text._cbOnUARTTx
                0x0000000008001dfc       0x64 ./Common/ThirdParty/SEGGER/Rec/segger_uart.o
 .text.SEGGER_UART_init
                0x0000000008001e60       0x24 ./Common/ThirdParty/SEGGER/Rec/segger_uart.o
                0x0000000008001e60                SEGGER_UART_init
 .text.USART2_IRQHandler
                0x0000000008001e84       0x94 ./Common/ThirdParty/SEGGER/Rec/segger_uart.o
                0x0000000008001e84                USART2_IRQHandler
 .text.HIF_UART_EnableTXEInterrupt
                0x0000000008001f18       0x20 ./Common/ThirdParty/SEGGER/Rec/segger_uart.o
                0x0000000008001f18                HIF_UART_EnableTXEInterrupt
 .text.HIF_UART_Init
                0x0000000008001f38       0xf4 ./Common/ThirdParty/SEGGER/Rec/segger_uart.o
                0x0000000008001f38                HIF_UART_Init
 .text._DoInit  0x000000000800202c       0xb0 ./Common/ThirdParty/SEGGER/SEGGER/SEGGER_RTT.o
 .text._WriteBlocking
                0x00000000080020dc       0xba ./Common/ThirdParty/SEGGER/SEGGER/SEGGER_RTT.o
 .text._WriteNoCheck
                0x0000000008002196       0x90 ./Common/ThirdParty/SEGGER/SEGGER/SEGGER_RTT.o
 .text._GetAvailWriteSpace
                0x0000000008002226       0x46 ./Common/ThirdParty/SEGGER/SEGGER/SEGGER_RTT.o
 .text.SEGGER_RTT_ReadUpBufferNoLock
                0x000000000800226c      0x10c ./Common/ThirdParty/SEGGER/SEGGER/SEGGER_RTT.o
                0x000000000800226c                SEGGER_RTT_ReadUpBufferNoLock
 .text.SEGGER_RTT_ReadNoLock
                0x0000000008002378      0x10c ./Common/ThirdParty/SEGGER/SEGGER/SEGGER_RTT.o
                0x0000000008002378                SEGGER_RTT_ReadNoLock
 .text.SEGGER_RTT_WriteDownBufferNoLock
                0x0000000008002484       0xa0 ./Common/ThirdParty/SEGGER/SEGGER/SEGGER_RTT.o
                0x0000000008002484                SEGGER_RTT_WriteDownBufferNoLock
 .text.SEGGER_RTT_WriteDownBuffer
                0x0000000008002524       0x4c ./Common/ThirdParty/SEGGER/SEGGER/SEGGER_RTT.o
                0x0000000008002524                SEGGER_RTT_WriteDownBuffer
 .text.SEGGER_RTT_AllocUpBuffer
                0x0000000008002570      0x108 ./Common/ThirdParty/SEGGER/SEGGER/SEGGER_RTT.o
                0x0000000008002570                SEGGER_RTT_AllocUpBuffer
 .text.SEGGER_RTT_ConfigDownBuffer
                0x0000000008002678       0xe0 ./Common/ThirdParty/SEGGER/SEGGER/SEGGER_RTT.o
                0x0000000008002678                SEGGER_RTT_ConfigDownBuffer
 .text._EncodeStr
                0x0000000008002758       0x9a ./Common/ThirdParty/SEGGER/SEGGER/SEGGER_SYSVIEW.o
 .text._PreparePacket
                0x00000000080027f2       0x18 ./Common/ThirdParty/SEGGER/SEGGER/SEGGER_SYSVIEW.o
 *fill*         0x000000000800280a        0x2 
 .text._HandleIncomingPacket
                0x000000000800280c       0xe4 ./Common/ThirdParty/SEGGER/SEGGER/SEGGER_SYSVIEW.o
 .text._TrySendOverflowPacket
                0x00000000080028f0       0xe8 ./Common/ThirdParty/SEGGER/SEGGER/SEGGER_SYSVIEW.o
 .text._SendPacket
                0x00000000080029d8      0x1d0 ./Common/ThirdParty/SEGGER/SEGGER/SEGGER_SYSVIEW.o
 .text._StoreChar
                0x0000000008002ba8       0xf6 ./Common/ThirdParty/SEGGER/SEGGER/SEGGER_SYSVIEW.o
 *fill*         0x0000000008002c9e        0x2 
 .text._PrintUnsigned
                0x0000000008002ca0      0x12c ./Common/ThirdParty/SEGGER/SEGGER/SEGGER_SYSVIEW.o
 .text._PrintInt
                0x0000000008002dcc      0x11e ./Common/ThirdParty/SEGGER/SEGGER/SEGGER_SYSVIEW.o
 *fill*         0x0000000008002eea        0x2 
 .text._VPrintTarget
                0x0000000008002eec      0x3f0 ./Common/ThirdParty/SEGGER/SEGGER/SEGGER_SYSVIEW.o
 .text.SEGGER_SYSVIEW_Init
                0x00000000080032dc       0x88 ./Common/ThirdParty/SEGGER/SEGGER/SEGGER_SYSVIEW.o
                0x00000000080032dc                SEGGER_SYSVIEW_Init
 .text.SEGGER_SYSVIEW_SetRAMBase
                0x0000000008003364       0x20 ./Common/ThirdParty/SEGGER/SEGGER/SEGGER_SYSVIEW.o
                0x0000000008003364                SEGGER_SYSVIEW_SetRAMBase
 .text.SEGGER_SYSVIEW_RecordVoid
                0x0000000008003384       0x3c ./Common/ThirdParty/SEGGER/SEGGER/SEGGER_SYSVIEW.o
                0x0000000008003384                SEGGER_SYSVIEW_RecordVoid
 .text.SEGGER_SYSVIEW_RecordU32
                0x00000000080033c0       0x78 ./Common/ThirdParty/SEGGER/SEGGER/SEGGER_SYSVIEW.o
                0x00000000080033c0                SEGGER_SYSVIEW_RecordU32
 .text.SEGGER_SYSVIEW_RecordU32x2
                0x0000000008003438       0xb4 ./Common/ThirdParty/SEGGER/SEGGER/SEGGER_SYSVIEW.o
                0x0000000008003438                SEGGER_SYSVIEW_RecordU32x2
 .text.SEGGER_SYSVIEW_Start
                0x00000000080034ec      0x178 ./Common/ThirdParty/SEGGER/SEGGER/SEGGER_SYSVIEW.o
                0x00000000080034ec                SEGGER_SYSVIEW_Start
 .text.SEGGER_SYSVIEW_Stop
                0x0000000008003664       0x4c ./Common/ThirdParty/SEGGER/SEGGER/SEGGER_SYSVIEW.o
                0x0000000008003664                SEGGER_SYSVIEW_Stop
 .text.SEGGER_SYSVIEW_GetSysDesc
                0x00000000080036b0      0x134 ./Common/ThirdParty/SEGGER/SEGGER/SEGGER_SYSVIEW.o
                0x00000000080036b0                SEGGER_SYSVIEW_GetSysDesc
 .text.SEGGER_SYSVIEW_SendTaskInfo
                0x00000000080037e4      0x1c8 ./Common/ThirdParty/SEGGER/SEGGER/SEGGER_SYSVIEW.o
                0x00000000080037e4                SEGGER_SYSVIEW_SendTaskInfo
 .text.SEGGER_SYSVIEW_SendTaskList
                0x00000000080039ac       0x28 ./Common/ThirdParty/SEGGER/SEGGER/SEGGER_SYSVIEW.o
                0x00000000080039ac                SEGGER_SYSVIEW_SendTaskList
 .text.SEGGER_SYSVIEW_SendSysDesc
                0x00000000080039d4       0x48 ./Common/ThirdParty/SEGGER/SEGGER/SEGGER_SYSVIEW.o
                0x00000000080039d4                SEGGER_SYSVIEW_SendSysDesc
 .text.SEGGER_SYSVIEW_RecordSystime
                0x0000000008003a1c       0x64 ./Common/ThirdParty/SEGGER/SEGGER/SEGGER_SYSVIEW.o
                0x0000000008003a1c                SEGGER_SYSVIEW_RecordSystime
 .text.SEGGER_SYSVIEW_RecordEnterISR
                0x0000000008003a80       0x84 ./Common/ThirdParty/SEGGER/SEGGER/SEGGER_SYSVIEW.o
                0x0000000008003a80                SEGGER_SYSVIEW_RecordEnterISR
 .text.SEGGER_SYSVIEW_RecordExitISR
                0x0000000008003b04       0x38 ./Common/ThirdParty/SEGGER/SEGGER/SEGGER_SYSVIEW.o
                0x0000000008003b04                SEGGER_SYSVIEW_RecordExitISR
 .text.SEGGER_SYSVIEW_RecordExitISRToScheduler
                0x0000000008003b3c       0x38 ./Common/ThirdParty/SEGGER/SEGGER/SEGGER_SYSVIEW.o
                0x0000000008003b3c                SEGGER_SYSVIEW_RecordExitISRToScheduler
 .text.SEGGER_SYSVIEW_OnIdle
                0x0000000008003b74       0x38 ./Common/ThirdParty/SEGGER/SEGGER/SEGGER_SYSVIEW.o
                0x0000000008003b74                SEGGER_SYSVIEW_OnIdle
 .text.SEGGER_SYSVIEW_OnTaskCreate
                0x0000000008003bac       0x84 ./Common/ThirdParty/SEGGER/SEGGER/SEGGER_SYSVIEW.o
                0x0000000008003bac                SEGGER_SYSVIEW_OnTaskCreate
 .text.SEGGER_SYSVIEW_OnTaskStartExec
                0x0000000008003c30       0x84 ./Common/ThirdParty/SEGGER/SEGGER/SEGGER_SYSVIEW.o
                0x0000000008003c30                SEGGER_SYSVIEW_OnTaskStartExec
 .text.SEGGER_SYSVIEW_OnTaskStartReady
                0x0000000008003cb4       0x84 ./Common/ThirdParty/SEGGER/SEGGER/SEGGER_SYSVIEW.o
                0x0000000008003cb4                SEGGER_SYSVIEW_OnTaskStartReady
 .text.SEGGER_SYSVIEW_OnTaskStopReady
                0x0000000008003d38       0xc0 ./Common/ThirdParty/SEGGER/SEGGER/SEGGER_SYSVIEW.o
                0x0000000008003d38                SEGGER_SYSVIEW_OnTaskStopReady
 .text.SEGGER_SYSVIEW_SendModule
                0x0000000008003df8      0x100 ./Common/ThirdParty/SEGGER/SEGGER/SEGGER_SYSVIEW.o
                0x0000000008003df8                SEGGER_SYSVIEW_SendModule
 .text.SEGGER_SYSVIEW_SendModuleDescription
                0x0000000008003ef8       0x3c ./Common/ThirdParty/SEGGER/SEGGER/SEGGER_SYSVIEW.o
                0x0000000008003ef8                SEGGER_SYSVIEW_SendModuleDescription
 .text.SEGGER_SYSVIEW_SendNumModules
                0x0000000008003f34       0x7c ./Common/ThirdParty/SEGGER/SEGGER/SEGGER_SYSVIEW.o
                0x0000000008003f34                SEGGER_SYSVIEW_SendNumModules
 .text.SEGGER_SYSVIEW_PrintfTarget
                0x0000000008003fb0       0x28 ./Common/ThirdParty/SEGGER/SEGGER/SEGGER_SYSVIEW.o
                0x0000000008003fb0                SEGGER_SYSVIEW_PrintfTarget
 .text.SEGGER_SYSVIEW_Warn
                0x0000000008003fd8       0xb8 ./Common/ThirdParty/SEGGER/SEGGER/SEGGER_SYSVIEW.o
                0x0000000008003fd8                SEGGER_SYSVIEW_Warn
 .text.SEGGER_SYSVIEW_IsStarted
                0x0000000008004090       0x5c ./Common/ThirdParty/SEGGER/SEGGER/SEGGER_SYSVIEW.o
                0x0000000008004090                SEGGER_SYSVIEW_IsStarted
 .text.main     0x00000000080040ec       0xe8 ./Core/Src/main.o
                0x00000000080040ec                main
 .text.SystemClock_Config
                0x00000000080041d4       0xd4 ./Core/Src/main.o
                0x00000000080041d4                SystemClock_Config
 .text.MX_GPIO_Init
                0x00000000080042a8      0x2bc ./Core/Src/main.o
 .text.led_green_task_handler
                0x0000000008004564       0x2c ./Core/Src/main.o
 .text.led_orange_task_handler
                0x0000000008004590       0x2c ./Core/Src/main.o
 .text.led_red_task_handler
                0x00000000080045bc       0x2c ./Core/Src/main.o
 .text.vApplicationIdleHook
                0x00000000080045e8       0x10 ./Core/Src/main.o
                0x00000000080045e8                vApplicationIdleHook
 .text.HAL_TIM_PeriodElapsedCallback
                0x00000000080045f8       0x24 ./Core/Src/main.o
                0x00000000080045f8                HAL_TIM_PeriodElapsedCallback
 .text.Error_Handler
                0x000000000800461c        0xa ./Core/Src/main.o
                0x000000000800461c                Error_Handler
 *fill*         0x0000000008004626        0x2 
 .text.HAL_MspInit
                0x0000000008004628       0x50 ./Core/Src/stm32f4xx_hal_msp.o
                0x0000000008004628                HAL_MspInit
 .text.HAL_InitTick
                0x0000000008004678       0xf8 ./Core/Src/stm32f4xx_hal_timebase_tim.o
                0x0000000008004678                HAL_InitTick
 .text.NMI_Handler
                0x0000000008004770        0x6 ./Core/Src/stm32f4xx_it.o
                0x0000000008004770                NMI_Handler
 .text.HardFault_Handler
                0x0000000008004776        0x6 ./Core/Src/stm32f4xx_it.o
                0x0000000008004776                HardFault_Handler
 .text.MemManage_Handler
                0x000000000800477c        0x6 ./Core/Src/stm32f4xx_it.o
                0x000000000800477c                MemManage_Handler
 .text.BusFault_Handler
                0x0000000008004782        0x6 ./Core/Src/stm32f4xx_it.o
                0x0000000008004782                BusFault_Handler
 .text.UsageFault_Handler
                0x0000000008004788        0x6 ./Core/Src/stm32f4xx_it.o
                0x0000000008004788                UsageFault_Handler
 .text.DebugMon_Handler
                0x000000000800478e        0xe ./Core/Src/stm32f4xx_it.o
                0x000000000800478e                DebugMon_Handler
 .text.TIM6_DAC_IRQHandler
                0x000000000800479c       0x14 ./Core/Src/stm32f4xx_it.o
                0x000000000800479c                TIM6_DAC_IRQHandler
 .text.SystemInit
                0x00000000080047b0       0x24 ./Core/Src/system_stm32f4xx.o
                0x00000000080047b0                SystemInit
 .text.Reset_Handler
                0x00000000080047d4       0x50 ./Core/Startup/startup_stm32f407vgtx.o
                0x00000000080047d4                Reset_Handler
 .text.Default_Handler
                0x0000000008004824        0x2 ./Core/Startup/startup_stm32f407vgtx.o
                0x0000000008004824                RTC_Alarm_IRQHandler
                0x0000000008004824                HASH_RNG_IRQHandler
                0x0000000008004824                EXTI2_IRQHandler
                0x0000000008004824                TIM8_CC_IRQHandler
                0x0000000008004824                TIM1_CC_IRQHandler
                0x0000000008004824                DMA2_Stream5_IRQHandler
                0x0000000008004824                DMA1_Stream5_IRQHandler
                0x0000000008004824                PVD_IRQHandler
                0x0000000008004824                SDIO_IRQHandler
                0x0000000008004824                TAMP_STAMP_IRQHandler
                0x0000000008004824                CAN2_RX1_IRQHandler
                0x0000000008004824                EXTI3_IRQHandler
                0x0000000008004824                TIM8_TRG_COM_TIM14_IRQHandler
                0x0000000008004824                TIM1_UP_TIM10_IRQHandler
                0x0000000008004824                TIM8_UP_TIM13_IRQHandler
                0x0000000008004824                I2C3_ER_IRQHandler
                0x0000000008004824                EXTI0_IRQHandler
                0x0000000008004824                I2C2_EV_IRQHandler
                0x0000000008004824                DMA1_Stream2_IRQHandler
                0x0000000008004824                CAN1_RX0_IRQHandler
                0x0000000008004824                FPU_IRQHandler
                0x0000000008004824                OTG_HS_WKUP_IRQHandler
                0x0000000008004824                CAN2_SCE_IRQHandler
                0x0000000008004824                DMA2_Stream2_IRQHandler
                0x0000000008004824                SPI1_IRQHandler
                0x0000000008004824                TIM1_BRK_TIM9_IRQHandler
                0x0000000008004824                DCMI_IRQHandler
                0x0000000008004824                CAN2_RX0_IRQHandler
                0x0000000008004824                DMA2_Stream3_IRQHandler
                0x0000000008004824                USART6_IRQHandler
                0x0000000008004824                USART3_IRQHandler
                0x0000000008004824                CAN1_RX1_IRQHandler
                0x0000000008004824                UART5_IRQHandler
                0x0000000008004824                DMA2_Stream0_IRQHandler
                0x0000000008004824                TIM4_IRQHandler
                0x0000000008004824                I2C1_EV_IRQHandler
                0x0000000008004824                DMA1_Stream6_IRQHandler
                0x0000000008004824                DMA1_Stream1_IRQHandler
                0x0000000008004824                UART4_IRQHandler
                0x0000000008004824                TIM3_IRQHandler
                0x0000000008004824                RCC_IRQHandler
                0x0000000008004824                TIM8_BRK_TIM12_IRQHandler
                0x0000000008004824                Default_Handler
                0x0000000008004824                EXTI15_10_IRQHandler
                0x0000000008004824                ADC_IRQHandler
                0x0000000008004824                DMA1_Stream7_IRQHandler
                0x0000000008004824                TIM7_IRQHandler
                0x0000000008004824                CAN2_TX_IRQHandler
                0x0000000008004824                TIM5_IRQHandler
                0x0000000008004824                DMA2_Stream7_IRQHandler
                0x0000000008004824                I2C3_EV_IRQHandler
                0x0000000008004824                EXTI9_5_IRQHandler
                0x0000000008004824                RTC_WKUP_IRQHandler
                0x0000000008004824                ETH_WKUP_IRQHandler
                0x0000000008004824                SPI2_IRQHandler
                0x0000000008004824                OTG_HS_EP1_IN_IRQHandler
                0x0000000008004824                DMA1_Stream0_IRQHandler
                0x0000000008004824                CAN1_TX_IRQHandler
                0x0000000008004824                EXTI4_IRQHandler
                0x0000000008004824                FSMC_IRQHandler
                0x0000000008004824                ETH_IRQHandler
                0x0000000008004824                OTG_HS_EP1_OUT_IRQHandler
                0x0000000008004824                WWDG_IRQHandler
                0x0000000008004824                TIM2_IRQHandler
                0x0000000008004824                OTG_FS_WKUP_IRQHandler
                0x0000000008004824                TIM1_TRG_COM_TIM11_IRQHandler
                0x0000000008004824                OTG_HS_IRQHandler
                0x0000000008004824                EXTI1_IRQHandler
                0x0000000008004824                I2C2_ER_IRQHandler
                0x0000000008004824                DMA2_Stream1_IRQHandler
                0x0000000008004824                CAN1_SCE_IRQHandler
                0x0000000008004824                FLASH_IRQHandler
                0x0000000008004824                DMA2_Stream4_IRQHandler
                0x0000000008004824                USART1_IRQHandler
                0x0000000008004824                OTG_FS_IRQHandler
                0x0000000008004824                SPI3_IRQHandler
                0x0000000008004824                DMA1_Stream4_IRQHandler
                0x0000000008004824                I2C1_ER_IRQHandler
                0x0000000008004824                DMA2_Stream6_IRQHandler
                0x0000000008004824                DMA1_Stream3_IRQHandler
 *fill*         0x0000000008004826        0x2 
 .text.HAL_Init
                0x0000000008004828       0x44 ./Drivers/STM32F4xx_HAL_Driver/Src/stm32f4xx_hal.o
                0x0000000008004828                HAL_Init
 .text.HAL_IncTick
                0x000000000800486c       0x28 ./Drivers/STM32F4xx_HAL_Driver/Src/stm32f4xx_hal.o
                0x000000000800486c                HAL_IncTick
 .text.HAL_GetTick
                0x0000000008004894       0x18 ./Drivers/STM32F4xx_HAL_Driver/Src/stm32f4xx_hal.o
                0x0000000008004894                HAL_GetTick
 .text.__NVIC_SetPriorityGrouping
                0x00000000080048ac       0x48 ./Drivers/STM32F4xx_HAL_Driver/Src/stm32f4xx_hal_cortex.o
 .text.__NVIC_GetPriorityGrouping
                0x00000000080048f4       0x1c ./Drivers/STM32F4xx_HAL_Driver/Src/stm32f4xx_hal_cortex.o
 .text.__NVIC_EnableIRQ
                0x0000000008004910       0x3c ./Drivers/STM32F4xx_HAL_Driver/Src/stm32f4xx_hal_cortex.o
 .text.__NVIC_SetPriority
                0x000000000800494c       0x54 ./Drivers/STM32F4xx_HAL_Driver/Src/stm32f4xx_hal_cortex.o
 .text.NVIC_EncodePriority
                0x00000000080049a0       0x66 ./Drivers/STM32F4xx_HAL_Driver/Src/stm32f4xx_hal_cortex.o
 .text.HAL_NVIC_SetPriorityGrouping
                0x0000000008004a06       0x16 ./Drivers/STM32F4xx_HAL_Driver/Src/stm32f4xx_hal_cortex.o
                0x0000000008004a06                HAL_NVIC_SetPriorityGrouping
 .text.HAL_NVIC_SetPriority
                0x0000000008004a1c       0x38 ./Drivers/STM32F4xx_HAL_Driver/Src/stm32f4xx_hal_cortex.o
                0x0000000008004a1c                HAL_NVIC_SetPriority
 .text.HAL_NVIC_EnableIRQ
                0x0000000008004a54       0x1c ./Drivers/STM32F4xx_HAL_Driver/Src/stm32f4xx_hal_cortex.o
                0x0000000008004a54                HAL_NVIC_EnableIRQ
 .text.HAL_GPIO_Init
                0x0000000008004a70      0x338 ./Drivers/STM32F4xx_HAL_Driver/Src/stm32f4xx_hal_gpio.o
                0x0000000008004a70                HAL_GPIO_Init
 .text.HAL_GPIO_WritePin
                0x0000000008004da8       0x32 ./Drivers/STM32F4xx_HAL_Driver/Src/stm32f4xx_hal_gpio.o
                0x0000000008004da8                HAL_GPIO_WritePin
 .text.HAL_GPIO_TogglePin
                0x0000000008004dda       0x34 ./Drivers/STM32F4xx_HAL_Driver/Src/stm32f4xx_hal_gpio.o
                0x0000000008004dda                HAL_GPIO_TogglePin
 *fill*         0x0000000008004e0e        0x2 
 .text.HAL_PWR_EnterSLEEPMode
                0x0000000008004e10       0x38 ./Drivers/STM32F4xx_HAL_Driver/Src/stm32f4xx_hal_pwr.o
                0x0000000008004e10                HAL_PWR_EnterSLEEPMode
 .text.HAL_RCC_OscConfig
                0x0000000008004e48      0x4f0 ./Drivers/STM32F4xx_HAL_Driver/Src/stm32f4xx_hal_rcc.o
                0x0000000008004e48                HAL_RCC_OscConfig
 .text.HAL_RCC_ClockConfig
                0x0000000008005338      0x1cc ./Drivers/STM32F4xx_HAL_Driver/Src/stm32f4xx_hal_rcc.o
                0x0000000008005338                HAL_RCC_ClockConfig
 .text.HAL_RCC_GetSysClockFreq
                0x0000000008005504      0x20c ./Drivers/STM32F4xx_HAL_Driver/Src/stm32f4xx_hal_rcc.o
                0x0000000008005504                HAL_RCC_GetSysClockFreq
 .text.HAL_RCC_GetHCLKFreq
                0x0000000008005710       0x18 ./Drivers/STM32F4xx_HAL_Driver/Src/stm32f4xx_hal_rcc.o
                0x0000000008005710                HAL_RCC_GetHCLKFreq
 .text.HAL_RCC_GetPCLK1Freq
                0x0000000008005728       0x28 ./Drivers/STM32F4xx_HAL_Driver/Src/stm32f4xx_hal_rcc.o
                0x0000000008005728                HAL_RCC_GetPCLK1Freq
 .text.HAL_RCC_GetClockConfig
                0x0000000008005750       0x64 ./Drivers/STM32F4xx_HAL_Driver/Src/stm32f4xx_hal_rcc.o
                0x0000000008005750                HAL_RCC_GetClockConfig
 .text.HAL_TIM_Base_Init
                0x00000000080057b4       0x9e ./Drivers/STM32F4xx_HAL_Driver/Src/stm32f4xx_hal_tim.o
                0x00000000080057b4                HAL_TIM_Base_Init
 .text.HAL_TIM_Base_MspInit
                0x0000000008005852       0x14 ./Drivers/STM32F4xx_HAL_Driver/Src/stm32f4xx_hal_tim.o
                0x0000000008005852                HAL_TIM_Base_MspInit
 *fill*         0x0000000008005866        0x2 
 .text.HAL_TIM_Base_Start_IT
                0x0000000008005868       0xe0 ./Drivers/STM32F4xx_HAL_Driver/Src/stm32f4xx_hal_tim.o
                0x0000000008005868                HAL_TIM_Base_Start_IT
 .text.HAL_TIM_IRQHandler
                0x0000000008005948      0x210 ./Drivers/STM32F4xx_HAL_Driver/Src/stm32f4xx_hal_tim.o
                0x0000000008005948                HAL_TIM_IRQHandler
 .text.HAL_TIM_OC_DelayElapsedCallback
                0x0000000008005b58       0x14 ./Drivers/STM32F4xx_HAL_Driver/Src/stm32f4xx_hal_tim.o
                0x0000000008005b58                HAL_TIM_OC_DelayElapsedCallback
 .text.HAL_TIM_IC_CaptureCallback
                0x0000000008005b6c       0x14 ./Drivers/STM32F4xx_HAL_Driver/Src/stm32f4xx_hal_tim.o
                0x0000000008005b6c                HAL_TIM_IC_CaptureCallback
 .text.HAL_TIM_PWM_PulseFinishedCallback
                0x0000000008005b80       0x14 ./Drivers/STM32F4xx_HAL_Driver/Src/stm32f4xx_hal_tim.o
                0x0000000008005b80                HAL_TIM_PWM_PulseFinishedCallback
 .text.HAL_TIM_TriggerCallback
                0x0000000008005b94       0x14 ./Drivers/STM32F4xx_HAL_Driver/Src/stm32f4xx_hal_tim.o
                0x0000000008005b94                HAL_TIM_TriggerCallback
 .text.TIM_Base_SetConfig
                0x0000000008005ba8      0x140 ./Drivers/STM32F4xx_HAL_Driver/Src/stm32f4xx_hal_tim.o
                0x0000000008005ba8                TIM_Base_SetConfig
 .text.HAL_TIMEx_CommutCallback
                0x0000000008005ce8       0x14 ./Drivers/STM32F4xx_HAL_Driver/Src/stm32f4xx_hal_tim_ex.o
                0x0000000008005ce8                HAL_TIMEx_CommutCallback
 .text.HAL_TIMEx_BreakCallback
                0x0000000008005cfc       0x14 ./Drivers/STM32F4xx_HAL_Driver/Src/stm32f4xx_hal_tim_ex.o
                0x0000000008005cfc                HAL_TIMEx_BreakCallback
 .text.__libc_init_array
                0x0000000008005d10       0x48 /opt/st/stm32cubeide_1.10.1/plugins/com.st.stm32cube.ide.mcu.externaltools.gnu-tools-for-stm32.10.3-2021.10.linux64_1.0.0.202111181127/tools/bin/../lib/gcc/arm-none-eabi/10.3.1/../../../../arm-none-eabi/lib/thumb/v7e-m+fp/hard/libc_nano.a(lib_a-init.o)
                0x0000000008005d10                __libc_init_array
 .text.memcmp   0x0000000008005d58       0x20 /opt/st/stm32cubeide_1.10.1/plugins/com.st.stm32cube.ide.mcu.externaltools.gnu-tools-for-stm32.10.3-2021.10.linux64_1.0.0.202111181127/tools/bin/../lib/gcc/arm-none-eabi/10.3.1/../../../../arm-none-eabi/lib/thumb/v7e-m+fp/hard/libc_nano.a(lib_a-memcmp.o)
                0x0000000008005d58                memcmp
 .text.memcpy   0x0000000008005d78       0x1c /opt/st/stm32cubeide_1.10.1/plugins/com.st.stm32cube.ide.mcu.externaltools.gnu-tools-for-stm32.10.3-2021.10.linux64_1.0.0.202111181127/tools/bin/../lib/gcc/arm-none-eabi/10.3.1/../../../../arm-none-eabi/lib/thumb/v7e-m+fp/hard/libc_nano.a(lib_a-memcpy-stub.o)
                0x0000000008005d78                memcpy
 .text.memset   0x0000000008005d94       0x10 /opt/st/stm32cubeide_1.10.1/plugins/com.st.stm32cube.ide.mcu.externaltools.gnu-tools-for-stm32.10.3-2021.10.linux64_1.0.0.202111181127/tools/bin/../lib/gcc/arm-none-eabi/10.3.1/../../../../arm-none-eabi/lib/thumb/v7e-m+fp/hard/libc_nano.a(lib_a-memset.o)
                0x0000000008005d94                memset
 *(.glue_7)
 .glue_7        0x0000000008005da4        0x0 linker stubs
 *(.glue_7t)
 .glue_7t       0x0000000008005da4        0x0 linker stubs
 *(.eh_frame)
 .eh_frame      0x0000000008005da4        0x0 /opt/st/stm32cubeide_1.10.1/plugins/com.st.stm32cube.ide.mcu.externaltools.gnu-tools-for-stm32.10.3-2021.10.linux64_1.0.0.202111181127/tools/bin/../lib/gcc/arm-none-eabi/10.3.1/thumb/v7e-m+fp/hard/crtbegin.o
 *(.init)
 .init          0x0000000008005da4        0x4 /opt/st/stm32cubeide_1.10.1/plugins/com.st.stm32cube.ide.mcu.externaltools.gnu-tools-for-stm32.10.3-2021.10.linux64_1.0.0.202111181127/tools/bin/../lib/gcc/arm-none-eabi/10.3.1/thumb/v7e-m+fp/hard/crti.o
                0x0000000008005da4                _init
 .init          0x0000000008005da8        0x8 /opt/st/stm32cubeide_1.10.1/plugins/com.st.stm32cube.ide.mcu.externaltools.gnu-tools-for-stm32.10.3-2021.10.linux64_1.0.0.202111181127/tools/bin/../lib/gcc/arm-none-eabi/10.3.1/thumb/v7e-m+fp/hard/crtn.o
 *(.fini)
 .fini          0x0000000008005db0        0x4 /opt/st/stm32cubeide_1.10.1/plugins/com.st.stm32cube.ide.mcu.externaltools.gnu-tools-for-stm32.10.3-2021.10.linux64_1.0.0.202111181127/tools/bin/../lib/gcc/arm-none-eabi/10.3.1/thumb/v7e-m+fp/hard/crti.o
                0x0000000008005db0                _fini
 .fini          0x0000000008005db4        0x8 /opt/st/stm32cubeide_1.10.1/plugins/com.st.stm32cube.ide.mcu.externaltools.gnu-tools-for-stm32.10.3-2021.10.linux64_1.0.0.202111181127/tools/bin/../lib/gcc/arm-none-eabi/10.3.1/thumb/v7e-m+fp/hard/crtn.o
                0x0000000008005dbc                . = ALIGN (0x4)
                0x0000000008005dbc                _etext = .

.vfp11_veneer   0x0000000008005dbc        0x0
 .vfp11_veneer  0x0000000008005dbc        0x0 linker stubs

.v4_bx          0x0000000008005dbc        0x0
 .v4_bx         0x0000000008005dbc        0x0 linker stubs

.iplt           0x0000000008005dbc        0x0
 .iplt          0x0000000008005dbc        0x0 /opt/st/stm32cubeide_1.10.1/plugins/com.st.stm32cube.ide.mcu.externaltools.gnu-tools-for-stm32.10.3-2021.10.linux64_1.0.0.202111181127/tools/bin/../lib/gcc/arm-none-eabi/10.3.1/thumb/v7e-m+fp/hard/crtbegin.o

.rodata         0x0000000008005dbc      0x180
                0x0000000008005dbc                . = ALIGN (0x4)
 *(.rodata)
 .rodata        0x0000000008005dbc        0x5 ./Common/ThirdParty/FreeRTOS/tasks.o
 *fill*         0x0000000008005dc1        0x3 
 .rodata        0x0000000008005dc4       0x51 ./Common/ThirdParty/SEGGER/Config/SEGGER_SYSVIEW_Config_FreeRTOS.o
 *fill*         0x0000000008005e15        0x3 
 .rodata        0x0000000008005e18       0x58 ./Common/ThirdParty/SEGGER/OS/SEGGER_SYSVIEW_FreeRTOS.o
 .rodata        0x0000000008005e70       0x17 ./Common/ThirdParty/SEGGER/SEGGER/SEGGER_RTT.o
 *fill*         0x0000000008005e87        0x1 
 .rodata        0x0000000008005e88        0x8 ./Common/ThirdParty/SEGGER/SEGGER/SEGGER_SYSVIEW.o
 .rodata        0x0000000008005e90       0x69 ./Core/Src/main.o
 *(.rodata*)
 *fill*         0x0000000008005ef9        0x3 
 .rodata.SYSVIEW_X_OS_TraceAPI
                0x0000000008005efc        0x8 ./Common/ThirdParty/SEGGER/OS/SEGGER_SYSVIEW_FreeRTOS.o
                0x0000000008005efc                SYSVIEW_X_OS_TraceAPI
 .rodata._abHelloMsg
                0x0000000008005f04        0x4 ./Common/ThirdParty/SEGGER/Rec/segger_uart.o
 .rodata._abSync
                0x0000000008005f08        0xa ./Common/ThirdParty/SEGGER/SEGGER/SEGGER_SYSVIEW.o
 *fill*         0x0000000008005f12        0x2 
 .rodata._aV2C.0
                0x0000000008005f14       0x10 ./Common/ThirdParty/SEGGER/SEGGER/SEGGER_SYSVIEW.o
 .rodata.AHBPrescTable
                0x0000000008005f24       0x10 ./Core/Src/system_stm32f4xx.o
                0x0000000008005f24                AHBPrescTable
 .rodata.APBPrescTable
                0x0000000008005f34        0x8 ./Core/Src/system_stm32f4xx.o
                0x0000000008005f34                APBPrescTable
                0x0000000008005f3c                . = ALIGN (0x4)

.ARM.extab      0x0000000008005f3c        0x0
                0x0000000008005f3c                . = ALIGN (0x4)
 *(.ARM.extab* .gnu.linkonce.armextab.*)
                0x0000000008005f3c                . = ALIGN (0x4)

.ARM            0x0000000008005f3c        0x8
                0x0000000008005f3c                . = ALIGN (0x4)
                0x0000000008005f3c                __exidx_start = .
 *(.ARM.exidx*)
 .ARM.exidx     0x0000000008005f3c        0x8 /opt/st/stm32cubeide_1.10.1/plugins/com.st.stm32cube.ide.mcu.externaltools.gnu-tools-for-stm32.10.3-2021.10.linux64_1.0.0.202111181127/tools/bin/../lib/gcc/arm-none-eabi/10.3.1/thumb/v7e-m+fp/hard/libgcc.a(_udivmoddi4.o)
                0x0000000008005f44                __exidx_end = .
                0x0000000008005f44                . = ALIGN (0x4)

.rel.dyn        0x0000000008005f44        0x0
 .rel.iplt      0x0000000008005f44        0x0 /opt/st/stm32cubeide_1.10.1/plugins/com.st.stm32cube.ide.mcu.externaltools.gnu-tools-for-stm32.10.3-2021.10.linux64_1.0.0.202111181127/tools/bin/../lib/gcc/arm-none-eabi/10.3.1/thumb/v7e-m+fp/hard/crtbegin.o

.preinit_array  0x0000000008005f44        0x0
                0x0000000008005f44                . = ALIGN (0x4)
                0x0000000008005f44                PROVIDE (__preinit_array_start = .)
 *(.preinit_array*)
                0x0000000008005f44                PROVIDE (__preinit_array_end = .)
                0x0000000008005f44                . = ALIGN (0x4)

.init_array     0x0000000008005f44        0x4
                0x0000000008005f44                . = ALIGN (0x4)
                0x0000000008005f44                PROVIDE (__init_array_start = .)
 *(SORT_BY_NAME(.init_array.*))
 *(.init_array*)
 .init_array    0x0000000008005f44        0x4 /opt/st/stm32cubeide_1.10.1/plugins/com.st.stm32cube.ide.mcu.externaltools.gnu-tools-for-stm32.10.3-2021.10.linux64_1.0.0.202111181127/tools/bin/../lib/gcc/arm-none-eabi/10.3.1/thumb/v7e-m+fp/hard/crtbegin.o
                0x0000000008005f48                PROVIDE (__init_array_end = .)
                0x0000000008005f48                . = ALIGN (0x4)

.fini_array     0x0000000008005f48        0x4
                0x0000000008005f48                . = ALIGN (0x4)
                [!provide]                        PROVIDE (__fini_array_start = .)
 *(SORT_BY_NAME(.fini_array.*))
 *(.fini_array*)
 .fini_array    0x0000000008005f48        0x4 /opt/st/stm32cubeide_1.10.1/plugins/com.st.stm32cube.ide.mcu.externaltools.gnu-tools-for-stm32.10.3-2021.10.linux64_1.0.0.202111181127/tools/bin/../lib/gcc/arm-none-eabi/10.3.1/thumb/v7e-m+fp/hard/crtbegin.o
                [!provide]                        PROVIDE (__fini_array_end = .)
                0x0000000008005f4c                . = ALIGN (0x4)
                0x0000000008005f4c                _sidata = LOADADDR (.data)

.data           0x0000000020000000       0x1c load address 0x0000000008005f4c
                0x0000000020000000                . = ALIGN (0x4)
                0x0000000020000000                _sdata = .
 *(.data)
 *(.data*)
 .data.uxTopUsedPriority
                0x0000000020000000        0x4 ./Common/ThirdParty/FreeRTOS/tasks.o
                0x0000000020000000                uxTopUsedPriority
 .data.uxCriticalNesting
                0x0000000020000004        0x4 ./Common/ThirdParty/FreeRTOS/portable/GCC/ARM_CM4F/port.o
 .data._SVInfo  0x0000000020000008        0x8 ./Common/ThirdParty/SEGGER/Rec/segger_uart.o
 .data.SystemCoreClock
                0x0000000020000010        0x4 ./Core/Src/system_stm32f4xx.o
                0x0000000020000010                SystemCoreClock
 .data.uwTickPrio
                0x0000000020000014        0x4 ./Drivers/STM32F4xx_HAL_Driver/Src/stm32f4xx_hal.o
                0x0000000020000014                uwTickPrio
 .data.uwTickFreq
                0x0000000020000018        0x1 ./Drivers/STM32F4xx_HAL_Driver/Src/stm32f4xx_hal.o
                0x0000000020000018                uwTickFreq
 *(.RamFunc)
 *(.RamFunc*)
                0x000000002000001c                . = ALIGN (0x4)
 *fill*         0x0000000020000019        0x3 
                0x000000002000001c                _edata = .
                0x0000000008005f68                _siccmram = LOADADDR (.ccmram)

.igot.plt       0x000000002000001c        0x0 load address 0x0000000008005f68
 .igot.plt      0x000000002000001c        0x0 /opt/st/stm32cubeide_1.10.1/plugins/com.st.stm32cube.ide.mcu.externaltools.gnu-tools-for-stm32.10.3-2021.10.linux64_1.0.0.202111181127/tools/bin/../lib/gcc/arm-none-eabi/10.3.1/thumb/v7e-m+fp/hard/crtbegin.o

.ccmram         0x0000000010000000        0x0 load address 0x0000000008005f68
                0x0000000010000000                . = ALIGN (0x4)
                0x0000000010000000                _sccmram = .
 *(.ccmram)
 *(.ccmram*)
                0x0000000010000000                . = ALIGN (0x4)
                0x0000000010000000                _eccmram = .
                0x0000000010000000                . = ALIGN (0x4)

.bss            0x000000002000001c    0x14414
                0x000000002000001c                _sbss = .
                0x000000002000001c                __bss_start__ = _sbss
 *(.bss)
 .bss           0x000000002000001c       0x1c /opt/st/stm32cubeide_1.10.1/plugins/com.st.stm32cube.ide.mcu.externaltools.gnu-tools-for-stm32.10.3-2021.10.linux64_1.0.0.202111181127/tools/bin/../lib/gcc/arm-none-eabi/10.3.1/thumb/v7e-m+fp/hard/crtbegin.o
 *(.bss*)
 .bss.pxCurrentTCB
                0x0000000020000038        0x4 ./Common/ThirdParty/FreeRTOS/tasks.o
                0x0000000020000038                pxCurrentTCB
 .bss.pxReadyTasksLists
                0x000000002000003c       0x64 ./Common/ThirdParty/FreeRTOS/tasks.o
 .bss.xDelayedTaskList1
                0x00000000200000a0       0x14 ./Common/ThirdParty/FreeRTOS/tasks.o
 .bss.xDelayedTaskList2
                0x00000000200000b4       0x14 ./Common/ThirdParty/FreeRTOS/tasks.o
 .bss.pxDelayedTaskList
                0x00000000200000c8        0x4 ./Common/ThirdParty/FreeRTOS/tasks.o
 .bss.pxOverflowDelayedTaskList
                0x00000000200000cc        0x4 ./Common/ThirdParty/FreeRTOS/tasks.o
 .bss.xPendingReadyList
                0x00000000200000d0       0x14 ./Common/ThirdParty/FreeRTOS/tasks.o
 .bss.xTasksWaitingTermination
                0x00000000200000e4       0x14 ./Common/ThirdParty/FreeRTOS/tasks.o
 .bss.uxDeletedTasksWaitingCleanUp
                0x00000000200000f8        0x4 ./Common/ThirdParty/FreeRTOS/tasks.o
 .bss.xSuspendedTaskList
                0x00000000200000fc       0x14 ./Common/ThirdParty/FreeRTOS/tasks.o
 .bss.uxCurrentNumberOfTasks
                0x0000000020000110        0x4 ./Common/ThirdParty/FreeRTOS/tasks.o
 .bss.xTickCount
                0x0000000020000114        0x4 ./Common/ThirdParty/FreeRTOS/tasks.o
 .bss.uxTopReadyPriority
                0x0000000020000118        0x4 ./Common/ThirdParty/FreeRTOS/tasks.o
 .bss.xSchedulerRunning
                0x000000002000011c        0x4 ./Common/ThirdParty/FreeRTOS/tasks.o
 .bss.xPendedTicks
                0x0000000020000120        0x4 ./Common/ThirdParty/FreeRTOS/tasks.o
 .bss.xYieldPending
                0x0000000020000124        0x4 ./Common/ThirdParty/FreeRTOS/tasks.o
 .bss.xNumOfOverflows
                0x0000000020000128        0x4 ./Common/ThirdParty/FreeRTOS/tasks.o
 .bss.uxTaskNumber
                0x000000002000012c        0x4 ./Common/ThirdParty/FreeRTOS/tasks.o
 .bss.xNextTaskUnblockTime
                0x0000000020000130        0x4 ./Common/ThirdParty/FreeRTOS/tasks.o
 .bss.xIdleTaskHandle
                0x0000000020000134        0x4 ./Common/ThirdParty/FreeRTOS/tasks.o
 .bss.uxSchedulerSuspended
                0x0000000020000138        0x4 ./Common/ThirdParty/FreeRTOS/tasks.o
 .bss.ucMaxSysCallPriority
                0x000000002000013c        0x1 ./Common/ThirdParty/FreeRTOS/portable/GCC/ARM_CM4F/port.o
 *fill*         0x000000002000013d        0x3 
 .bss.ulMaxPRIGROUPValue
                0x0000000020000140        0x4 ./Common/ThirdParty/FreeRTOS/portable/GCC/ARM_CM4F/port.o
 .bss.ucHeap    0x0000000020000144    0x12c00 ./Common/ThirdParty/FreeRTOS/portable/MemMang/heap_4.o
 .bss.xStart    0x0000000020012d44        0x8 ./Common/ThirdParty/FreeRTOS/portable/MemMang/heap_4.o
 .bss.pxEnd     0x0000000020012d4c        0x4 ./Common/ThirdParty/FreeRTOS/portable/MemMang/heap_4.o
 .bss.xFreeBytesRemaining
                0x0000000020012d50        0x4 ./Common/ThirdParty/FreeRTOS/portable/MemMang/heap_4.o
 .bss.xMinimumEverFreeBytesRemaining
                0x0000000020012d54        0x4 ./Common/ThirdParty/FreeRTOS/portable/MemMang/heap_4.o
 .bss.xNumberOfSuccessfulAllocations
                0x0000000020012d58        0x4 ./Common/ThirdParty/FreeRTOS/portable/MemMang/heap_4.o
 .bss.xNumberOfSuccessfulFrees
                0x0000000020012d5c        0x4 ./Common/ThirdParty/FreeRTOS/portable/MemMang/heap_4.o
 .bss.xBlockAllocatedBit
                0x0000000020012d60        0x4 ./Common/ThirdParty/FreeRTOS/portable/MemMang/heap_4.o
 .bss._aTasks   0x0000000020012d64       0xa0 ./Common/ThirdParty/SEGGER/OS/SEGGER_SYSVIEW_FreeRTOS.o
 .bss._NumTasks
                0x0000000020012e04        0x4 ./Common/ThirdParty/SEGGER/OS/SEGGER_SYSVIEW_FreeRTOS.o
 .bss._cbOnRx   0x0000000020012e08        0x4 ./Common/ThirdParty/SEGGER/Rec/segger_uart.o
 .bss._cbOnTx   0x0000000020012e0c        0x4 ./Common/ThirdParty/SEGGER/Rec/segger_uart.o
 .bss._SEGGER_RTT
                0x0000000020012e10       0xa8 ./Common/ThirdParty/SEGGER/SEGGER/SEGGER_RTT.o
                0x0000000020012e10                _SEGGER_RTT
 .bss._acUpBuffer
                0x0000000020012eb8      0x400 ./Common/ThirdParty/SEGGER/SEGGER/SEGGER_RTT.o
 .bss._acDownBuffer
                0x00000000200132b8       0x10 ./Common/ThirdParty/SEGGER/SEGGER/SEGGER_RTT.o
 .bss._UpBuffer
                0x00000000200132c8     0x1000 ./Common/ThirdParty/SEGGER/SEGGER/SEGGER_SYSVIEW.o
 .bss._DownBuffer
                0x00000000200142c8        0x8 ./Common/ThirdParty/SEGGER/SEGGER/SEGGER_SYSVIEW.o
 .bss._SYSVIEW_Globals
                0x00000000200142d0       0x28 ./Common/ThirdParty/SEGGER/SEGGER/SEGGER_SYSVIEW.o
 .bss._pFirstModule
                0x00000000200142f8        0x4 ./Common/ThirdParty/SEGGER/SEGGER/SEGGER_SYSVIEW.o
 .bss._NumModules
                0x00000000200142fc        0x1 ./Common/ThirdParty/SEGGER/SEGGER/SEGGER_SYSVIEW.o
 *fill*         0x00000000200142fd        0x3 
 .bss._aPacket  0x0000000020014300       0xe3 ./Common/ThirdParty/SEGGER/SEGGER/SEGGER_SYSVIEW.o
 *fill*         0x00000000200143e3        0x1 
 .bss.htim6     0x00000000200143e4       0x48 ./Core/Src/stm32f4xx_hal_timebase_tim.o
                0x00000000200143e4                htim6
 .bss.uwTick    0x000000002001442c        0x4 ./Drivers/STM32F4xx_HAL_Driver/Src/stm32f4xx_hal.o
                0x000000002001442c                uwTick
 *(COMMON)
                0x0000000020014430                . = ALIGN (0x4)
                0x0000000020014430                _ebss = .
                0x0000000020014430                __bss_end__ = _ebss

._user_heap_stack
                0x0000000020014430      0x600
                0x0000000020014430                . = ALIGN (0x8)
                [!provide]                        PROVIDE (end = .)
                0x0000000020014430                PROVIDE (_end = .)
                0x0000000020014630                . = (. + _Min_Heap_Size)
 *fill*         0x0000000020014430      0x200 
                0x0000000020014a30                . = (. + _Min_Stack_Size)
 *fill*         0x0000000020014630      0x400 
                0x0000000020014a30                . = ALIGN (0x8)

/DISCARD/
 libc.a(*)
 libm.a(*)
 libgcc.a(*)

.ARM.attributes
                0x0000000000000000       0x30
 *(.ARM.attributes)
 .ARM.attributes
                0x0000000000000000       0x1e /opt/st/stm32cubeide_1.10.1/plugins/com.st.stm32cube.ide.mcu.externaltools.gnu-tools-for-stm32.10.3-2021.10.linux64_1.0.0.202111181127/tools/bin/../lib/gcc/arm-none-eabi/10.3.1/thumb/v7e-m+fp/hard/crti.o
 .ARM.attributes
                0x000000000000001e       0x34 /opt/st/stm32cubeide_1.10.1/plugins/com.st.stm32cube.ide.mcu.externaltools.gnu-tools-for-stm32.10.3-2021.10.linux64_1.0.0.202111181127/tools/bin/../lib/gcc/arm-none-eabi/10.3.1/thumb/v7e-m+fp/hard/crtbegin.o
 .ARM.attributes
                0x0000000000000052       0x34 ./Common/ThirdParty/FreeRTOS/list.o
 .ARM.attributes
                0x0000000000000086       0x34 ./Common/ThirdParty/FreeRTOS/tasks.o
 .ARM.attributes
                0x00000000000000ba       0x34 ./Common/ThirdParty/FreeRTOS/portable/GCC/ARM_CM4F/port.o
 .ARM.attributes
                0x00000000000000ee       0x34 ./Common/ThirdParty/FreeRTOS/portable/MemMang/heap_4.o
 .ARM.attributes
                0x0000000000000122       0x34 ./Common/ThirdParty/SEGGER/Config/SEGGER_SYSVIEW_Config_FreeRTOS.o
 .ARM.attributes
                0x0000000000000156       0x34 ./Common/ThirdParty/SEGGER/OS/SEGGER_SYSVIEW_FreeRTOS.o
 .ARM.attributes
                0x000000000000018a       0x34 ./Common/ThirdParty/SEGGER/Rec/segger_uart.o
 .ARM.attributes
                0x00000000000001be       0x34 ./Common/ThirdParty/SEGGER/SEGGER/SEGGER_RTT.o
 .ARM.attributes
                0x00000000000001f2       0x20 ./Common/ThirdParty/SEGGER/SEGGER/SEGGER_RTT_ASM_ARMv7M.o
 .ARM.attributes
                0x0000000000000212       0x34 ./Common/ThirdParty/SEGGER/SEGGER/SEGGER_SYSVIEW.o
 .ARM.attributes
                0x0000000000000246       0x34 ./Core/Src/main.o
 .ARM.attributes
                0x000000000000027a       0x34 ./Core/Src/stm32f4xx_hal_msp.o
 .ARM.attributes
                0x00000000000002ae       0x34 ./Core/Src/stm32f4xx_hal_timebase_tim.o
 .ARM.attributes
                0x00000000000002e2       0x34 ./Core/Src/stm32f4xx_it.o
 .ARM.attributes
                0x0000000000000316       0x34 ./Core/Src/system_stm32f4xx.o
 .ARM.attributes
                0x000000000000034a       0x21 ./Core/Startup/startup_stm32f407vgtx.o
 .ARM.attributes
                0x000000000000036b       0x34 ./Drivers/STM32F4xx_HAL_Driver/Src/stm32f4xx_hal.o
 .ARM.attributes
                0x000000000000039f       0x34 ./Drivers/STM32F4xx_HAL_Driver/Src/stm32f4xx_hal_cortex.o
 .ARM.attributes
                0x00000000000003d3       0x34 ./Drivers/STM32F4xx_HAL_Driver/Src/stm32f4xx_hal_gpio.o
 .ARM.attributes
                0x0000000000000407       0x34 ./Drivers/STM32F4xx_HAL_Driver/Src/stm32f4xx_hal_pwr.o
 .ARM.attributes
                0x000000000000043b       0x34 ./Drivers/STM32F4xx_HAL_Driver/Src/stm32f4xx_hal_rcc.o
 .ARM.attributes
                0x000000000000046f       0x34 ./Drivers/STM32F4xx_HAL_Driver/Src/stm32f4xx_hal_tim.o
 .ARM.attributes
                0x00000000000004a3       0x34 ./Drivers/STM32F4xx_HAL_Driver/Src/stm32f4xx_hal_tim_ex.o
 .ARM.attributes
                0x00000000000004d7       0x34 /opt/st/stm32cubeide_1.10.1/plugins/com.st.stm32cube.ide.mcu.externaltools.gnu-tools-for-stm32.10.3-2021.10.linux64_1.0.0.202111181127/tools/bin/../lib/gcc/arm-none-eabi/10.3.1/../../../../arm-none-eabi/lib/thumb/v7e-m+fp/hard/libc_nano.a(lib_a-init.o)
 .ARM.attributes
                0x000000000000050b       0x34 /opt/st/stm32cubeide_1.10.1/plugins/com.st.stm32cube.ide.mcu.externaltools.gnu-tools-for-stm32.10.3-2021.10.linux64_1.0.0.202111181127/tools/bin/../lib/gcc/arm-none-eabi/10.3.1/../../../../arm-none-eabi/lib/thumb/v7e-m+fp/hard/libc_nano.a(lib_a-memcmp.o)
 .ARM.attributes
                0x000000000000053f       0x34 /opt/st/stm32cubeide_1.10.1/plugins/com.st.stm32cube.ide.mcu.externaltools.gnu-tools-for-stm32.10.3-2021.10.linux64_1.0.0.202111181127/tools/bin/../lib/gcc/arm-none-eabi/10.3.1/../../../../arm-none-eabi/lib/thumb/v7e-m+fp/hard/libc_nano.a(lib_a-memcpy-stub.o)
 .ARM.attributes
                0x0000000000000573       0x34 /opt/st/stm32cubeide_1.10.1/plugins/com.st.stm32cube.ide.mcu.externaltools.gnu-tools-for-stm32.10.3-2021.10.linux64_1.0.0.202111181127/tools/bin/../lib/gcc/arm-none-eabi/10.3.1/../../../../arm-none-eabi/lib/thumb/v7e-m+fp/hard/libc_nano.a(lib_a-memset.o)
 .ARM.attributes
                0x00000000000005a7       0x1e /opt/st/stm32cubeide_1.10.1/plugins/com.st.stm32cube.ide.mcu.externaltools.gnu-tools-for-stm32.10.3-2021.10.linux64_1.0.0.202111181127/tools/bin/../lib/gcc/arm-none-eabi/10.3.1/thumb/v7e-m+fp/hard/libgcc.a(_aeabi_uldivmod.o)
 .ARM.attributes
                0x00000000000005c5       0x34 /opt/st/stm32cubeide_1.10.1/plugins/com.st.stm32cube.ide.mcu.externaltools.gnu-tools-for-stm32.10.3-2021.10.linux64_1.0.0.202111181127/tools/bin/../lib/gcc/arm-none-eabi/10.3.1/thumb/v7e-m+fp/hard/libgcc.a(_udivmoddi4.o)
 .ARM.attributes
                0x00000000000005f9       0x1e /opt/st/stm32cubeide_1.10.1/plugins/com.st.stm32cube.ide.mcu.externaltools.gnu-tools-for-stm32.10.3-2021.10.linux64_1.0.0.202111181127/tools/bin/../lib/gcc/arm-none-eabi/10.3.1/thumb/v7e-m+fp/hard/libgcc.a(_dvmd_tls.o)
 .ARM.attributes
                0x0000000000000617       0x1e /opt/st/stm32cubeide_1.10.1/plugins/com.st.stm32cube.ide.mcu.externaltools.gnu-tools-for-stm32.10.3-2021.10.linux64_1.0.0.202111181127/tools/bin/../lib/gcc/arm-none-eabi/10.3.1/thumb/v7e-m+fp/hard/crtn.o
OUTPUT(08_Idle_Hook.elf elf32-littlearm)
LOAD linker stubs
LOAD /opt/st/stm32cubeide_1.10.1/plugins/com.st.stm32cube.ide.mcu.externaltools.gnu-tools-for-stm32.10.3-2021.10.linux64_1.0.0.202111181127/tools/bin/../lib/gcc/arm-none-eabi/10.3.1/../../../../arm-none-eabi/lib/thumb/v7e-m+fp/hard/libc.a
LOAD /opt/st/stm32cubeide_1.10.1/plugins/com.st.stm32cube.ide.mcu.externaltools.gnu-tools-for-stm32.10.3-2021.10.linux64_1.0.0.202111181127/tools/bin/../lib/gcc/arm-none-eabi/10.3.1/../../../../arm-none-eabi/lib/thumb/v7e-m+fp/hard/libm.a
LOAD /opt/st/stm32cubeide_1.10.1/plugins/com.st.stm32cube.ide.mcu.externaltools.gnu-tools-for-stm32.10.3-2021.10.linux64_1.0.0.202111181127/tools/bin/../lib/gcc/arm-none-eabi/10.3.1/thumb/v7e-m+fp/hard/libgcc.a

.debug_info     0x0000000000000000    0x1296b
 .debug_info    0x0000000000000000      0x2d1 ./Common/ThirdParty/FreeRTOS/list.o
 .debug_info    0x00000000000002d1     0x2368 ./Common/ThirdParty/FreeRTOS/tasks.o
 .debug_info    0x0000000000002639      0x5ca ./Common/ThirdParty/FreeRTOS/portable/GCC/ARM_CM4F/port.o
 .debug_info    0x0000000000002c03      0x50d ./Common/ThirdParty/FreeRTOS/portable/MemMang/heap_4.o
 .debug_info    0x0000000000003110      0x181 ./Common/ThirdParty/SEGGER/Config/SEGGER_SYSVIEW_Config_FreeRTOS.o
 .debug_info    0x0000000000003291      0x43d ./Common/ThirdParty/SEGGER/OS/SEGGER_SYSVIEW_FreeRTOS.o
 .debug_info    0x00000000000036ce      0x91c ./Common/ThirdParty/SEGGER/Rec/segger_uart.o
 .debug_info    0x0000000000003fea     0x14ff ./Common/ThirdParty/SEGGER/SEGGER/SEGGER_RTT.o
 .debug_info    0x00000000000054e9       0x26 ./Common/ThirdParty/SEGGER/SEGGER/SEGGER_RTT_ASM_ARMv7M.o
 .debug_info    0x000000000000550f     0x3812 ./Common/ThirdParty/SEGGER/SEGGER/SEGGER_SYSVIEW.o
 .debug_info    0x0000000000008d21      0xfbd ./Core/Src/main.o
 .debug_info    0x0000000000009cde      0x2d3 ./Core/Src/stm32f4xx_hal_msp.o
 .debug_info    0x0000000000009fb1      0xc4b ./Core/Src/stm32f4xx_hal_timebase_tim.o
 .debug_info    0x000000000000abfc      0x6f8 ./Core/Src/stm32f4xx_it.o
 .debug_info    0x000000000000b2f4      0x523 ./Core/Src/system_stm32f4xx.o
 .debug_info    0x000000000000b817       0x22 ./Core/Startup/startup_stm32f407vgtx.o
 .debug_info    0x000000000000b839      0x97c ./Drivers/STM32F4xx_HAL_Driver/Src/stm32f4xx_hal.o
 .debug_info    0x000000000000c1b5      0xe1b ./Drivers/STM32F4xx_HAL_Driver/Src/stm32f4xx_hal_cortex.o
 .debug_info    0x000000000000cfd0      0x76a ./Drivers/STM32F4xx_HAL_Driver/Src/stm32f4xx_hal_gpio.o
 .debug_info    0x000000000000d73a      0x72d ./Drivers/STM32F4xx_HAL_Driver/Src/stm32f4xx_hal_pwr.o
 .debug_info    0x000000000000de67      0x966 ./Drivers/STM32F4xx_HAL_Driver/Src/stm32f4xx_hal_rcc.o
 .debug_info    0x000000000000e7cd     0x2bbe ./Drivers/STM32F4xx_HAL_Driver/Src/stm32f4xx_hal_tim.o
 .debug_info    0x000000000001138b     0x15e0 ./Drivers/STM32F4xx_HAL_Driver/Src/stm32f4xx_hal_tim_ex.o

.debug_abbrev   0x0000000000000000     0x2be8
 .debug_abbrev  0x0000000000000000       0xf2 ./Common/ThirdParty/FreeRTOS/list.o
 .debug_abbrev  0x00000000000000f2      0x38a ./Common/ThirdParty/FreeRTOS/tasks.o
 .debug_abbrev  0x000000000000047c      0x259 ./Common/ThirdParty/FreeRTOS/portable/GCC/ARM_CM4F/port.o
 .debug_abbrev  0x00000000000006d5      0x212 ./Common/ThirdParty/FreeRTOS/portable/MemMang/heap_4.o
 .debug_abbrev  0x00000000000008e7       0xdd ./Common/ThirdParty/SEGGER/Config/SEGGER_SYSVIEW_Config_FreeRTOS.o
 .debug_abbrev  0x00000000000009c4      0x19e ./Common/ThirdParty/SEGGER/OS/SEGGER_SYSVIEW_FreeRTOS.o
 .debug_abbrev  0x0000000000000b62      0x27b ./Common/ThirdParty/SEGGER/Rec/segger_uart.o
 .debug_abbrev  0x0000000000000ddd      0x24e ./Common/ThirdParty/SEGGER/SEGGER/SEGGER_RTT.o
 .debug_abbrev  0x000000000000102b       0x14 ./Common/ThirdParty/SEGGER/SEGGER/SEGGER_RTT_ASM_ARMv7M.o
 .debug_abbrev  0x000000000000103f      0x339 ./Common/ThirdParty/SEGGER/SEGGER/SEGGER_SYSVIEW.o
 .debug_abbrev  0x0000000000001378      0x31e ./Core/Src/main.o
 .debug_abbrev  0x0000000000001696       0xee ./Core/Src/stm32f4xx_hal_msp.o
 .debug_abbrev  0x0000000000001784      0x1e6 ./Core/Src/stm32f4xx_hal_timebase_tim.o
 .debug_abbrev  0x000000000000196a      0x171 ./Core/Src/stm32f4xx_it.o
 .debug_abbrev  0x0000000000001adb      0x116 ./Core/Src/system_stm32f4xx.o
 .debug_abbrev  0x0000000000001bf1       0x12 ./Core/Startup/startup_stm32f407vgtx.o
 .debug_abbrev  0x0000000000001c03      0x20d ./Drivers/STM32F4xx_HAL_Driver/Src/stm32f4xx_hal.o
 .debug_abbrev  0x0000000000001e10      0x316 ./Drivers/STM32F4xx_HAL_Driver/Src/stm32f4xx_hal_cortex.o
 .debug_abbrev  0x0000000000002126      0x1c4 ./Drivers/STM32F4xx_HAL_Driver/Src/stm32f4xx_hal_gpio.o
 .debug_abbrev  0x00000000000022ea      0x192 ./Drivers/STM32F4xx_HAL_Driver/Src/stm32f4xx_hal_pwr.o
 .debug_abbrev  0x000000000000247c      0x2aa ./Drivers/STM32F4xx_HAL_Driver/Src/stm32f4xx_hal_rcc.o
 .debug_abbrev  0x0000000000002726      0x25d ./Drivers/STM32F4xx_HAL_Driver/Src/stm32f4xx_hal_tim.o
 .debug_abbrev  0x0000000000002983      0x265 ./Drivers/STM32F4xx_HAL_Driver/Src/stm32f4xx_hal_tim_ex.o

.debug_aranges  0x0000000000000000     0x11d8
 .debug_aranges
                0x0000000000000000       0x40 ./Common/ThirdParty/FreeRTOS/list.o
 .debug_aranges
                0x0000000000000040      0x1f8 ./Common/ThirdParty/FreeRTOS/tasks.o
 .debug_aranges
                0x0000000000000238       0x88 ./Common/ThirdParty/FreeRTOS/portable/GCC/ARM_CM4F/port.o
 .debug_aranges
                0x00000000000002c0       0x58 ./Common/ThirdParty/FreeRTOS/portable/MemMang/heap_4.o
 .debug_aranges
                0x0000000000000318       0x28 ./Common/ThirdParty/SEGGER/Config/SEGGER_SYSVIEW_Config_FreeRTOS.o
 .debug_aranges
                0x0000000000000340       0x48 ./Common/ThirdParty/SEGGER/OS/SEGGER_SYSVIEW_FreeRTOS.o
 .debug_aranges
                0x0000000000000388       0x68 ./Common/ThirdParty/SEGGER/Rec/segger_uart.o
 .debug_aranges
                0x00000000000003f0      0x138 ./Common/ThirdParty/SEGGER/SEGGER/SEGGER_RTT.o
 .debug_aranges
                0x0000000000000528       0x20 ./Common/ThirdParty/SEGGER/SEGGER/SEGGER_RTT_ASM_ARMv7M.o
 .debug_aranges
                0x0000000000000548      0x280 ./Common/ThirdParty/SEGGER/SEGGER/SEGGER_SYSVIEW.o
 .debug_aranges
                0x00000000000007c8       0x60 ./Core/Src/main.o
 .debug_aranges
                0x0000000000000828       0x20 ./Core/Src/stm32f4xx_hal_msp.o
 .debug_aranges
                0x0000000000000848       0x30 ./Core/Src/stm32f4xx_hal_timebase_tim.o
 .debug_aranges
                0x0000000000000878       0x50 ./Core/Src/stm32f4xx_it.o
 .debug_aranges
                0x00000000000008c8       0x28 ./Core/Src/system_stm32f4xx.o
 .debug_aranges
                0x00000000000008f0       0x28 ./Core/Startup/startup_stm32f407vgtx.o
 .debug_aranges
                0x0000000000000918       0xf0 ./Drivers/STM32F4xx_HAL_Driver/Src/stm32f4xx_hal.o
 .debug_aranges
                0x0000000000000a08      0x118 ./Drivers/STM32F4xx_HAL_Driver/Src/stm32f4xx_hal_cortex.o
 .debug_aranges
                0x0000000000000b20       0x58 ./Drivers/STM32F4xx_HAL_Driver/Src/stm32f4xx_hal_gpio.o
 .debug_aranges
                0x0000000000000b78       0xa0 ./Drivers/STM32F4xx_HAL_Driver/Src/stm32f4xx_hal_pwr.o
 .debug_aranges
                0x0000000000000c18       0x88 ./Drivers/STM32F4xx_HAL_Driver/Src/stm32f4xx_hal_rcc.o
 .debug_aranges
                0x0000000000000ca0      0x3d0 ./Drivers/STM32F4xx_HAL_Driver/Src/stm32f4xx_hal_tim.o
 .debug_aranges
                0x0000000000001070      0x168 ./Drivers/STM32F4xx_HAL_Driver/Src/stm32f4xx_hal_tim_ex.o

.debug_ranges   0x0000000000000000     0x1060
 .debug_ranges  0x0000000000000000       0x30 ./Common/ThirdParty/FreeRTOS/list.o
 .debug_ranges  0x0000000000000030      0x1e8 ./Common/ThirdParty/FreeRTOS/tasks.o
 .debug_ranges  0x0000000000000218       0x78 ./Common/ThirdParty/FreeRTOS/portable/GCC/ARM_CM4F/port.o
 .debug_ranges  0x0000000000000290       0x48 ./Common/ThirdParty/FreeRTOS/portable/MemMang/heap_4.o
 .debug_ranges  0x00000000000002d8       0x18 ./Common/ThirdParty/SEGGER/Config/SEGGER_SYSVIEW_Config_FreeRTOS.o
 .debug_ranges  0x00000000000002f0       0x38 ./Common/ThirdParty/SEGGER/OS/SEGGER_SYSVIEW_FreeRTOS.o
 .debug_ranges  0x0000000000000328       0x58 ./Common/ThirdParty/SEGGER/Rec/segger_uart.o
 .debug_ranges  0x0000000000000380      0x128 ./Common/ThirdParty/SEGGER/SEGGER/SEGGER_RTT.o
 .debug_ranges  0x00000000000004a8      0x270 ./Common/ThirdParty/SEGGER/SEGGER/SEGGER_SYSVIEW.o
 .debug_ranges  0x0000000000000718       0x50 ./Core/Src/main.o
 .debug_ranges  0x0000000000000768       0x10 ./Core/Src/stm32f4xx_hal_msp.o
 .debug_ranges  0x0000000000000778       0x20 ./Core/Src/stm32f4xx_hal_timebase_tim.o
 .debug_ranges  0x0000000000000798       0x40 ./Core/Src/stm32f4xx_it.o
 .debug_ranges  0x00000000000007d8       0x18 ./Core/Src/system_stm32f4xx.o
 .debug_ranges  0x00000000000007f0       0x20 ./Core/Startup/startup_stm32f407vgtx.o
 .debug_ranges  0x0000000000000810       0xe0 ./Drivers/STM32F4xx_HAL_Driver/Src/stm32f4xx_hal.o
 .debug_ranges  0x00000000000008f0      0x108 ./Drivers/STM32F4xx_HAL_Driver/Src/stm32f4xx_hal_cortex.o
 .debug_ranges  0x00000000000009f8       0x48 ./Drivers/STM32F4xx_HAL_Driver/Src/stm32f4xx_hal_gpio.o
 .debug_ranges  0x0000000000000a40       0x90 ./Drivers/STM32F4xx_HAL_Driver/Src/stm32f4xx_hal_pwr.o
 .debug_ranges  0x0000000000000ad0       0x78 ./Drivers/STM32F4xx_HAL_Driver/Src/stm32f4xx_hal_rcc.o
 .debug_ranges  0x0000000000000b48      0x3c0 ./Drivers/STM32F4xx_HAL_Driver/Src/stm32f4xx_hal_tim.o
 .debug_ranges  0x0000000000000f08      0x158 ./Drivers/STM32F4xx_HAL_Driver/Src/stm32f4xx_hal_tim_ex.o

.debug_macro    0x0000000000000000    0x20b7a
 .debug_macro   0x0000000000000000      0x1f4 ./Common/ThirdParty/FreeRTOS/list.o
 .debug_macro   0x00000000000001f4      0x2e1 ./Common/ThirdParty/FreeRTOS/tasks.o
 .debug_macro   0x00000000000004d5       0x10 ./Common/ThirdParty/FreeRTOS/tasks.o
 .debug_macro   0x00000000000004e5      0x1f7 ./Common/ThirdParty/FreeRTOS/portable/GCC/ARM_CM4F/port.o
 .debug_macro   0x00000000000006dc      0x20f ./Common/ThirdParty/FreeRTOS/portable/MemMang/heap_4.o
 .debug_macro   0x00000000000008eb      0x137 ./Common/ThirdParty/SEGGER/Config/SEGGER_SYSVIEW_Config_FreeRTOS.o
 .debug_macro   0x0000000000000a22      0x203 ./Common/ThirdParty/SEGGER/OS/SEGGER_SYSVIEW_FreeRTOS.o
 .debug_macro   0x0000000000000c25      0x41c ./Common/ThirdParty/SEGGER/Rec/segger_uart.o
 .debug_macro   0x0000000000001041       0x3a ./Common/ThirdParty/SEGGER/Rec/segger_uart.o
 .debug_macro   0x000000000000107b      0x138 ./Common/ThirdParty/SEGGER/Rec/segger_uart.o
 .debug_macro   0x00000000000011b3       0x2e ./Common/ThirdParty/SEGGER/Rec/segger_uart.o
 .debug_macro   0x00000000000011e1       0x2f ./Common/ThirdParty/SEGGER/Rec/segger_uart.o
 .debug_macro   0x0000000000001210       0x1c ./Common/ThirdParty/SEGGER/Rec/segger_uart.o
 .debug_macro   0x000000000000122c       0x22 ./Common/ThirdParty/SEGGER/Rec/segger_uart.o
 .debug_macro   0x000000000000124e       0xd9 ./Common/ThirdParty/SEGGER/Rec/segger_uart.o
 .debug_macro   0x0000000000001327     0x102d ./Common/ThirdParty/SEGGER/Rec/segger_uart.o
 .debug_macro   0x0000000000002354      0x11f ./Common/ThirdParty/SEGGER/Rec/segger_uart.o
 .debug_macro   0x0000000000002473    0x15e82 ./Common/ThirdParty/SEGGER/Rec/segger_uart.o
 .debug_macro   0x00000000000182f5       0x6d ./Common/ThirdParty/SEGGER/Rec/segger_uart.o
 .debug_macro   0x0000000000018362      0x295 ./Common/ThirdParty/SEGGER/Rec/segger_uart.o
 .debug_macro   0x00000000000185f7     0x367e ./Common/ThirdParty/SEGGER/Rec/segger_uart.o
 .debug_macro   0x000000000001bc75       0x56 ./Common/ThirdParty/SEGGER/Rec/segger_uart.o
 .debug_macro   0x000000000001bccb      0x96b ./Common/ThirdParty/SEGGER/Rec/segger_uart.o
 .debug_macro   0x000000000001c636      0x9fe ./Common/ThirdParty/SEGGER/Rec/segger_uart.o
 .debug_macro   0x000000000001d034      0x115 ./Common/ThirdParty/SEGGER/Rec/segger_uart.o
 .debug_macro   0x000000000001d149      0x13e ./Common/ThirdParty/SEGGER/Rec/segger_uart.o
 .debug_macro   0x000000000001d287       0xa5 ./Common/ThirdParty/SEGGER/Rec/segger_uart.o
 .debug_macro   0x000000000001d32c      0x174 ./Common/ThirdParty/SEGGER/Rec/segger_uart.o
 .debug_macro   0x000000000001d4a0      0x287 ./Common/ThirdParty/SEGGER/Rec/segger_uart.o
 .debug_macro   0x000000000001d727       0x5f ./Common/ThirdParty/SEGGER/Rec/segger_uart.o
 .debug_macro   0x000000000001d786      0x236 ./Common/ThirdParty/SEGGER/Rec/segger_uart.o
 .debug_macro   0x000000000001d9bc      0x12c ./Common/ThirdParty/SEGGER/Rec/segger_uart.o
 .debug_macro   0x000000000001dae8      0x21e ./Common/ThirdParty/SEGGER/Rec/segger_uart.o
 .debug_macro   0x000000000001dd06       0x2e ./Common/ThirdParty/SEGGER/Rec/segger_uart.o
 .debug_macro   0x000000000001dd34      0x11a ./Common/ThirdParty/SEGGER/Rec/segger_uart.o
 .debug_macro   0x000000000001de4e       0x7e ./Common/ThirdParty/SEGGER/Rec/segger_uart.o
 .debug_macro   0x000000000001decc       0x89 ./Common/ThirdParty/SEGGER/Rec/segger_uart.o
 .debug_macro   0x000000000001df55      0x8e6 ./Common/ThirdParty/SEGGER/Rec/segger_uart.o
 .debug_macro   0x000000000001e83b       0x47 ./Common/ThirdParty/SEGGER/Rec/segger_uart.o
 .debug_macro   0x000000000001e882      0x12d ./Common/ThirdParty/SEGGER/Rec/segger_uart.o
 .debug_macro   0x000000000001e9af      0x1bd ./Common/ThirdParty/SEGGER/SEGGER/SEGGER_RTT.o
 .debug_macro   0x000000000001eb6c       0x34 ./Common/ThirdParty/SEGGER/SEGGER/SEGGER_RTT.o
 .debug_macro   0x000000000001eba0      0x212 ./Common/ThirdParty/SEGGER/SEGGER/SEGGER_SYSVIEW.o
 .debug_macro   0x000000000001edb2      0x204 ./Common/ThirdParty/SEGGER/SEGGER/SEGGER_SYSVIEW.o
 .debug_macro   0x000000000001efb6      0x16e ./Common/ThirdParty/SEGGER/SEGGER/SEGGER_SYSVIEW.o
 .debug_macro   0x000000000001f124      0x2a2 ./Core/Src/main.o
 .debug_macro   0x000000000001f3c6       0x5c ./Core/Src/main.o
 .debug_macro   0x000000000001f422      0x1a4 ./Core/Src/main.o
 .debug_macro   0x000000000001f5c6      0x113 ./Core/Src/main.o
 .debug_macro   0x000000000001f6d9      0x23d ./Core/Src/stm32f4xx_hal_msp.o
 .debug_macro   0x000000000001f916      0x1c4 ./Core/Src/stm32f4xx_hal_timebase_tim.o
 .debug_macro   0x000000000001fada      0x1dd ./Core/Src/stm32f4xx_it.o
 .debug_macro   0x000000000001fcb7      0x1c4 ./Core/Src/system_stm32f4xx.o
 .debug_macro   0x000000000001fe7b      0x224 ./Drivers/STM32F4xx_HAL_Driver/Src/stm32f4xx_hal.o
 .debug_macro   0x000000000002009f      0x1c4 ./Drivers/STM32F4xx_HAL_Driver/Src/stm32f4xx_hal_cortex.o
 .debug_macro   0x0000000000020263      0x1ca ./Drivers/STM32F4xx_HAL_Driver/Src/stm32f4xx_hal_gpio.o
 .debug_macro   0x000000000002042d      0x1dc ./Drivers/STM32F4xx_HAL_Driver/Src/stm32f4xx_hal_pwr.o
 .debug_macro   0x0000000000020609      0x1e8 ./Drivers/STM32F4xx_HAL_Driver/Src/stm32f4xx_hal_rcc.o
 .debug_macro   0x00000000000207f1      0x1c5 ./Drivers/STM32F4xx_HAL_Driver/Src/stm32f4xx_hal_tim.o
 .debug_macro   0x00000000000209b6      0x1c4 ./Drivers/STM32F4xx_HAL_Driver/Src/stm32f4xx_hal_tim_ex.o

.debug_line     0x0000000000000000    0x13485
 .debug_line    0x0000000000000000      0x8b2 ./Common/ThirdParty/FreeRTOS/list.o
 .debug_line    0x00000000000008b2     0x1e6a ./Common/ThirdParty/FreeRTOS/tasks.o
 .debug_line    0x000000000000271c      0x9de ./Common/ThirdParty/FreeRTOS/portable/GCC/ARM_CM4F/port.o
 .debug_line    0x00000000000030fa      0xafd ./Common/ThirdParty/FreeRTOS/portable/MemMang/heap_4.o
 .debug_line    0x0000000000003bf7      0x64b ./Common/ThirdParty/SEGGER/Config/SEGGER_SYSVIEW_Config_FreeRTOS.o
 .debug_line    0x0000000000004242      0x936 ./Common/ThirdParty/SEGGER/OS/SEGGER_SYSVIEW_FreeRTOS.o
 .debug_line    0x0000000000004b78      0xb56 ./Common/ThirdParty/SEGGER/Rec/segger_uart.o
 .debug_line    0x00000000000056ce      0xe95 ./Common/ThirdParty/SEGGER/SEGGER/SEGGER_RTT.o
 .debug_line    0x0000000000006563       0xd1 ./Common/ThirdParty/SEGGER/SEGGER/SEGGER_RTT_ASM_ARMv7M.o
 .debug_line    0x0000000000006634     0x1f7c ./Common/ThirdParty/SEGGER/SEGGER/SEGGER_SYSVIEW.o
 .debug_line    0x00000000000085b0      0xbaf ./Core/Src/main.o
 .debug_line    0x000000000000915f      0x81b ./Core/Src/stm32f4xx_hal_msp.o
 .debug_line    0x000000000000997a      0x6f9 ./Core/Src/stm32f4xx_hal_timebase_tim.o
 .debug_line    0x000000000000a073      0x71c ./Core/Src/stm32f4xx_it.o
 .debug_line    0x000000000000a78f      0x701 ./Core/Src/system_stm32f4xx.o
 .debug_line    0x000000000000ae90       0x88 ./Core/Startup/startup_stm32f407vgtx.o
 .debug_line    0x000000000000af18      0x967 ./Drivers/STM32F4xx_HAL_Driver/Src/stm32f4xx_hal.o
 .debug_line    0x000000000000b87f      0xc16 ./Drivers/STM32F4xx_HAL_Driver/Src/stm32f4xx_hal_cortex.o
 .debug_line    0x000000000000c495      0xadb ./Drivers/STM32F4xx_HAL_Driver/Src/stm32f4xx_hal_gpio.o
 .debug_line    0x000000000000cf70      0x873 ./Drivers/STM32F4xx_HAL_Driver/Src/stm32f4xx_hal_pwr.o
 .debug_line    0x000000000000d7e3      0xce3 ./Drivers/STM32F4xx_HAL_Driver/Src/stm32f4xx_hal_rcc.o
 .debug_line    0x000000000000e4c6     0x365b ./Drivers/STM32F4xx_HAL_Driver/Src/stm32f4xx_hal_tim.o
 .debug_line    0x0000000000011b21     0x1964 ./Drivers/STM32F4xx_HAL_Driver/Src/stm32f4xx_hal_tim_ex.o

.debug_str      0x0000000000000000    0xd5f94
 .debug_str     0x0000000000000000     0xe5d6 ./Common/ThirdParty/FreeRTOS/list.o
                                       0xe829 (size before relaxing)
 .debug_str     0x000000000000e5d6     0x32dc ./Common/ThirdParty/FreeRTOS/tasks.o
                                      0x11b59 (size before relaxing)
 .debug_str     0x00000000000118b2      0x81f ./Common/ThirdParty/FreeRTOS/portable/GCC/ARM_CM4F/port.o
                                       0xd38c (size before relaxing)
 .debug_str     0x00000000000120d1      0x34a ./Common/ThirdParty/FreeRTOS/portable/MemMang/heap_4.o
                                       0xfcf2 (size before relaxing)
 .debug_str     0x000000000001241b      0x20d ./Common/ThirdParty/SEGGER/Config/SEGGER_SYSVIEW_Config_FreeRTOS.o
                                       0xb21c (size before relaxing)
 .debug_str     0x0000000000012628      0x127 ./Common/ThirdParty/SEGGER/OS/SEGGER_SYSVIEW_FreeRTOS.o
                                       0xfa6a (size before relaxing)
 .debug_str     0x000000000001274f    0xbeef4 ./Common/ThirdParty/SEGGER/Rec/segger_uart.o
                                      0xc77d5 (size before relaxing)
 .debug_str     0x00000000000d1643      0x76c ./Common/ThirdParty/SEGGER/SEGGER/SEGGER_RTT.o
                                       0x77bd (size before relaxing)
 .debug_str     0x00000000000d1daf       0x73 ./Common/ThirdParty/SEGGER/SEGGER/SEGGER_RTT_ASM_ARMv7M.o
                                         0xb3 (size before relaxing)
 .debug_str     0x00000000000d1e22      0xd73 ./Common/ThirdParty/SEGGER/SEGGER/SEGGER_SYSVIEW.o
                                       0x980f (size before relaxing)
 .debug_str     0x00000000000d2b95      0xfb1 ./Core/Src/main.o
                                      0xcb52c (size before relaxing)
 .debug_str     0x00000000000d3b46       0x2c ./Core/Src/stm32f4xx_hal_msp.o
                                      0xc6cf9 (size before relaxing)
 .debug_str     0x00000000000d3b72      0x12f ./Core/Src/stm32f4xx_hal_timebase_tim.o
                                      0xc2596 (size before relaxing)
 .debug_str     0x00000000000d3ca1       0xb9 ./Core/Src/stm32f4xx_it.o
                                      0xc2546 (size before relaxing)
 .debug_str     0x00000000000d3d5a       0x77 ./Core/Src/system_stm32f4xx.o
                                      0xc1a9f (size before relaxing)
 .debug_str     0x00000000000d3dd1       0x28 ./Core/Startup/startup_stm32f407vgtx.o
                                         0x76 (size before relaxing)
 .debug_str     0x00000000000d3df9      0x5d3 ./Drivers/STM32F4xx_HAL_Driver/Src/stm32f4xx_hal.o
                                      0xc2623 (size before relaxing)
 .debug_str     0x00000000000d43cc      0x2f6 ./Drivers/STM32F4xx_HAL_Driver/Src/stm32f4xx_hal_cortex.o
                                      0xc2356 (size before relaxing)
 .debug_str     0x00000000000d46c2      0x11e ./Drivers/STM32F4xx_HAL_Driver/Src/stm32f4xx_hal_gpio.o
                                      0xc1c1a (size before relaxing)
 .debug_str     0x00000000000d47e0      0x251 ./Drivers/STM32F4xx_HAL_Driver/Src/stm32f4xx_hal_pwr.o
                                      0xc1cd5 (size before relaxing)
 .debug_str     0x00000000000d4a31      0x1fd ./Drivers/STM32F4xx_HAL_Driver/Src/stm32f4xx_hal_rcc.o
                                      0xc1ed3 (size before relaxing)
 .debug_str     0x00000000000d4c2e      0xe63 ./Drivers/STM32F4xx_HAL_Driver/Src/stm32f4xx_hal_tim.o
                                      0xc2e19 (size before relaxing)
 .debug_str     0x00000000000d5a91      0x503 ./Drivers/STM32F4xx_HAL_Driver/Src/stm32f4xx_hal_tim_ex.o
                                      0xc2635 (size before relaxing)

.comment        0x0000000000000000       0x50
 .comment       0x0000000000000000       0x50 ./Common/ThirdParty/FreeRTOS/list.o
                                         0x51 (size before relaxing)
 .comment       0x0000000000000050       0x51 ./Common/ThirdParty/FreeRTOS/tasks.o
 .comment       0x0000000000000050       0x51 ./Common/ThirdParty/FreeRTOS/portable/GCC/ARM_CM4F/port.o
 .comment       0x0000000000000050       0x51 ./Common/ThirdParty/FreeRTOS/portable/MemMang/heap_4.o
 .comment       0x0000000000000050       0x51 ./Common/ThirdParty/SEGGER/Config/SEGGER_SYSVIEW_Config_FreeRTOS.o
 .comment       0x0000000000000050       0x51 ./Common/ThirdParty/SEGGER/OS/SEGGER_SYSVIEW_FreeRTOS.o
 .comment       0x0000000000000050       0x51 ./Common/ThirdParty/SEGGER/Rec/segger_uart.o
 .comment       0x0000000000000050       0x51 ./Common/ThirdParty/SEGGER/SEGGER/SEGGER_RTT.o
 .comment       0x0000000000000050       0x51 ./Common/ThirdParty/SEGGER/SEGGER/SEGGER_SYSVIEW.o
 .comment       0x0000000000000050       0x51 ./Core/Src/main.o
 .comment       0x0000000000000050       0x51 ./Core/Src/stm32f4xx_hal_msp.o
 .comment       0x0000000000000050       0x51 ./Core/Src/stm32f4xx_hal_timebase_tim.o
 .comment       0x0000000000000050       0x51 ./Core/Src/stm32f4xx_it.o
 .comment       0x0000000000000050       0x51 ./Core/Src/system_stm32f4xx.o
 .comment       0x0000000000000050       0x51 ./Drivers/STM32F4xx_HAL_Driver/Src/stm32f4xx_hal.o
 .comment       0x0000000000000050       0x51 ./Drivers/STM32F4xx_HAL_Driver/Src/stm32f4xx_hal_cortex.o
 .comment       0x0000000000000050       0x51 ./Drivers/STM32F4xx_HAL_Driver/Src/stm32f4xx_hal_gpio.o
 .comment       0x0000000000000050       0x51 ./Drivers/STM32F4xx_HAL_Driver/Src/stm32f4xx_hal_pwr.o
 .comment       0x0000000000000050       0x51 ./Drivers/STM32F4xx_HAL_Driver/Src/stm32f4xx_hal_rcc.o
 .comment       0x0000000000000050       0x51 ./Drivers/STM32F4xx_HAL_Driver/Src/stm32f4xx_hal_tim.o
 .comment       0x0000000000000050       0x51 ./Drivers/STM32F4xx_HAL_Driver/Src/stm32f4xx_hal_tim_ex.o

.debug_frame    0x0000000000000000     0x49dc
 .debug_frame   0x0000000000000000       0xd8 ./Common/ThirdParty/FreeRTOS/list.o
 .debug_frame   0x00000000000000d8      0x8b0 ./Common/ThirdParty/FreeRTOS/tasks.o
 .debug_frame   0x0000000000000988      0x1d0 ./Common/ThirdParty/FreeRTOS/portable/GCC/ARM_CM4F/port.o
 .debug_frame   0x0000000000000b58      0x12c ./Common/ThirdParty/FreeRTOS/portable/MemMang/heap_4.o
 .debug_frame   0x0000000000000c84       0x48 ./Common/ThirdParty/SEGGER/Config/SEGGER_SYSVIEW_Config_FreeRTOS.o
 .debug_frame   0x0000000000000ccc      0x104 ./Common/ThirdParty/SEGGER/OS/SEGGER_SYSVIEW_FreeRTOS.o
 .debug_frame   0x0000000000000dd0      0x178 ./Common/ThirdParty/SEGGER/Rec/segger_uart.o
 .debug_frame   0x0000000000000f48      0x530 ./Common/ThirdParty/SEGGER/SEGGER/SEGGER_RTT.o
 .debug_frame   0x0000000000001478      0xbc4 ./Common/ThirdParty/SEGGER/SEGGER/SEGGER_SYSVIEW.o
 .debug_frame   0x000000000000203c      0x134 ./Core/Src/main.o
 .debug_frame   0x0000000000002170       0x34 ./Core/Src/stm32f4xx_hal_msp.o
 .debug_frame   0x00000000000021a4       0x74 ./Core/Src/stm32f4xx_hal_timebase_tim.o
 .debug_frame   0x0000000000002218       0xc4 ./Core/Src/stm32f4xx_it.o
 .debug_frame   0x00000000000022dc       0x58 ./Core/Src/system_stm32f4xx.o
 .debug_frame   0x0000000000002334      0x374 ./Drivers/STM32F4xx_HAL_Driver/Src/stm32f4xx_hal.o
 .debug_frame   0x00000000000026a8      0x498 ./Drivers/STM32F4xx_HAL_Driver/Src/stm32f4xx_hal_cortex.o
 .debug_frame   0x0000000000002b40      0x14c ./Drivers/STM32F4xx_HAL_Driver/Src/stm32f4xx_hal_gpio.o
 .debug_frame   0x0000000000002c8c      0x264 ./Drivers/STM32F4xx_HAL_Driver/Src/stm32f4xx_hal_pwr.o
 .debug_frame   0x0000000000002ef0      0x1f4 ./Drivers/STM32F4xx_HAL_Driver/Src/stm32f4xx_hal_rcc.o
 .debug_frame   0x00000000000030e4     0x11c4 ./Drivers/STM32F4xx_HAL_Driver/Src/stm32f4xx_hal_tim.o
 .debug_frame   0x00000000000042a8      0x638 ./Drivers/STM32F4xx_HAL_Driver/Src/stm32f4xx_hal_tim_ex.o
 .debug_frame   0x00000000000048e0       0x2c /opt/st/stm32cubeide_1.10.1/plugins/com.st.stm32cube.ide.mcu.externaltools.gnu-tools-for-stm32.10.3-2021.10.linux64_1.0.0.202111181127/tools/bin/../lib/gcc/arm-none-eabi/10.3.1/../../../../arm-none-eabi/lib/thumb/v7e-m+fp/hard/libc_nano.a(lib_a-init.o)
 .debug_frame   0x000000000000490c       0x28 /opt/st/stm32cubeide_1.10.1/plugins/com.st.stm32cube.ide.mcu.externaltools.gnu-tools-for-stm32.10.3-2021.10.linux64_1.0.0.202111181127/tools/bin/../lib/gcc/arm-none-eabi/10.3.1/../../../../arm-none-eabi/lib/thumb/v7e-m+fp/hard/libc_nano.a(lib_a-memcmp.o)
 .debug_frame   0x0000000000004934       0x28 /opt/st/stm32cubeide_1.10.1/plugins/com.st.stm32cube.ide.mcu.externaltools.gnu-tools-for-stm32.10.3-2021.10.linux64_1.0.0.202111181127/tools/bin/../lib/gcc/arm-none-eabi/10.3.1/../../../../arm-none-eabi/lib/thumb/v7e-m+fp/hard/libc_nano.a(lib_a-memcpy-stub.o)
 .debug_frame   0x000000000000495c       0x20 /opt/st/stm32cubeide_1.10.1/plugins/com.st.stm32cube.ide.mcu.externaltools.gnu-tools-for-stm32.10.3-2021.10.linux64_1.0.0.202111181127/tools/bin/../lib/gcc/arm-none-eabi/10.3.1/../../../../arm-none-eabi/lib/thumb/v7e-m+fp/hard/libc_nano.a(lib_a-memset.o)
 .debug_frame   0x000000000000497c       0x2c /opt/st/stm32cubeide_1.10.1/plugins/com.st.stm32cube.ide.mcu.externaltools.gnu-tools-for-stm32.10.3-2021.10.linux64_1.0.0.202111181127/tools/bin/../lib/gcc/arm-none-eabi/10.3.1/thumb/v7e-m+fp/hard/libgcc.a(_aeabi_uldivmod.o)
 .debug_frame   0x00000000000049a8       0x34 /opt/st/stm32cubeide_1.10.1/plugins/com.st.stm32cube.ide.mcu.externaltools.gnu-tools-for-stm32.10.3-2021.10.linux64_1.0.0.202111181127/tools/bin/../lib/gcc/arm-none-eabi/10.3.1/thumb/v7e-m+fp/hard/libgcc.a(_udivmoddi4.o)
